[job] tag=gg_seg32 num_envs=64 host=portal-compute-02.cs.cornell.edu gpu=0
[job] overrides: env.cable.thickness=0.03 env.cable.angular_damping=20.0 env.cable.vbd_iterations=80 env.cable.cable_substeps=2 env.cable.linear_damping=10.0 env.cable.segments=32
[episodes] running kit-less (no Isaac Sim runtime): AppLauncher requires the full Isaac Sim runtime. Install Isaac Sim or avoid constructing AppLauncher in a kitless process.
[INFO]: Parsing configuration from: isaacsimenvs.tasks.cable.cable_env_cfg:CableEnvCfg
/share/portal/kk837/task_curriculum/isaacsimenvs/utils/hydra_utils.py:91: Hydra15MigrationWarning: The version_base parameter is deprecated and will be removed in Hydra 1.5.
Omit the version_base parameter to use the current Hydra defaults.
  @hydra.main(config_path=None, config_name=short_name, version_base="1.3")
[cable] triangle-pair budget 4,194,304 for num_envs=64
[2026-08-17 02:42:23,982][isaaclab.envs.common][WARNING] - env_cfg.viewer is deprecated. Set env_cfg.sim.default_visualizer_cfg = KitVisualizerCfg(eye=..., lookat=...) instead. The viewer values have been automatically forwarded for this run.
[INFO]: Base environment:
	Environment device    : cuda:0
	Environment seed      : 0
	Physics step-size     : 0.00833333333
	Rendering step-size   : 0.01666666666
	Environment step-size : 0.01666666666
[2026-08-17 02:42:25,366][isaaclab.cloner._fabric_notices][INFO] - libcarb.so unavailable — Fabric notice suspension disabled (Linux x86_64 only)
[scene_utils][+0.00s] setup start num_envs=64 num_assets_per_type=1
[scene_utils][+0.00s] generated 2 object URDFs
[scene_utils][+0.54s] resolved baked USDs
[quat_convention] robot init rot (1.0, 0.0, 0.0, 0.0) (wxyz) -> (0.0, 0.0, 0.0, 1.0) (xyzw)
[2026-08-17 02:42:25,920][isaaclab.utils.backend_utils][INFO] - Registered backend 'newton' for factory Articulation.
[2026-08-17 02:42:25,939][isaaclab.utils.backend_utils][INFO] - Registered backend 'newton' for factory RigidObject.
[2026-08-17 02:42:25,941][isaaclab.sim.spawners.wrappers.wrappers][WARNING] - `random_choice` parameter in `spawn_multi_asset` is deprecated, and nothing will happen. Use `isaaclab.scene.interactive_scene_cfg.InteractiveSceneCfg.random_heterogeneous_cloning` instead.
[2026-08-17 02:42:25,949][isaaclab.sim.spawners.wrappers.wrappers][WARNING] - `random_choice` parameter in `spawn_multi_asset` is deprecated, and nothing will happen. Use `isaaclab.scene.interactive_scene_cfg.InteractiveSceneCfg.random_heterogeneous_cloning` instead.
[2026-08-17 02:42:25,957][isaaclab.sim.spawners.wrappers.wrappers][WARNING] - `random_choice` parameter in `spawn_multi_asset` is deprecated, and nothing will happen. Use `isaaclab.scene.interactive_scene_cfg.InteractiveSceneCfg.random_heterogeneous_cloning` instead.
[scene_utils][+0.59s] spawned robot/table/object/goalviz
I: Initializing Version 2.72.3-release.7151+gl.5390bed9
I: Client ID: NTU6N5S7
I: Not using Hub: Hub not found
I: Successfully created S3 provider for https://omniverse-content-staging.s3-us-west-2.amazonaws.com
[2026-08-17 02:42:26,408][isaaclab.utils.assets][WARNING] - Serving remote assets from the local cache under '/share/portal/kk837/tmp'. Each copy is checked against the server before use; delete the directory to force a full re-download.
[2026-08-17 02:42:26,409][isaaclab.utils.assets][INFO] - Loading local copy of remote asset 'https://omniverse-content-staging.s3-us-west-2.amazonaws.com/Assets/Isaac/6.1/Isaac/Environments/Grid/default_environment.usd' from '/share/portal/kk837/tmp/https/omniverse-content-staging.s3-us-west-2.amazonaws.com/Assets/Isaac/6.1/Isaac/Environments/Grid/default_environment.usd'.
[2026-08-17 02:42:26,510][isaaclab.utils.assets][INFO] - Loading local copy of remote asset 'https://omniverse-content-staging.s3-us-west-2.amazonaws.com/Assets/Isaac/6.1/Isaac/Environments/Grid/Materials/Textures/WireframeBlur_basecolor.png' from '/share/portal/kk837/tmp/https/omniverse-content-staging.s3-us-west-2.amazonaws.com/Assets/Isaac/6.1/Isaac/Environments/Grid/Materials/Textures/WireframeBlur_basecolor.png'.
[2026-08-17 02:42:26,512][isaaclab.utils.assets][INFO] - Loading local copy of remote asset 'https://omniverse-content-staging.s3-us-west-2.amazonaws.com/Assets/Isaac/6.1/Isaac/Environments/Grid/Materials/Textures/Wireframe_blue.png' from '/share/portal/kk837/tmp/https/omniverse-content-staging.s3-us-west-2.amazonaws.com/Assets/Isaac/6.1/Isaac/Environments/Grid/Materials/Textures/Wireframe_blue.png'.
[2026-08-17 02:42:26,513][isaaclab.utils.assets][INFO] - Loading local copy of remote asset 'https://omniverse-content-staging.s3-us-west-2.amazonaws.com/Assets/Isaac/6.1/Isaac/Environments/Grid/Materials/Textures/WireframeBlur_blue.png' from '/share/portal/kk837/tmp/https/omniverse-content-staging.s3-us-west-2.amazonaws.com/Assets/Isaac/6.1/Isaac/Environments/Grid/Materials/Textures/WireframeBlur_blue.png'.
[scene_utils][+1.17s] registered assets with scene
[cable] neutralised the inherited rigid tool (1 prims, 2 colliders off, 1 bodies pinned)
[cable] goal marker reshaped on 1 prims (capsule 0.300 m x 30 mm)
[2026-08-17 02:42:26,553][isaaclab.utils.backend_utils][INFO] - Registered backend 'newton' for factory CableObject.
[2026-08-17 02:42:26,557][isaaclab.sim.spawners.materials.visual_materials][WARNING] - Skipping preview surface material at '/World/envs/env_0/Cable/geometry/material' — Kit is not available.
[2026-08-17 02:42:26,557][isaaclab.sim.utils.prims][WARNING] - Could not perform 'bind_visual_material' on any prims under: '/World/envs/env_0/Cable/geometry/mesh'. This might be because of the following reasons:
	(1) The desired attribute does not exist on any of the prims.
	(2) The desired attribute exists on an instanced prim.
		Discovered list of instanced prim paths: []
[cable] object_scale = [7.5, 0.75, 0.75] (bbox [0.3, 0.03, 0.03] m / object_base_size 0.04)
[cable] 32 segments, 0.300 m x 30 mm, stretch 6.63e+06, bend 4.72e+06
[cloning] pushed CollisionAPI onto 34 mesh prims under 34 collision Xforms
[cloning] marked 3 object colliders convexHull
[cloning] authored PD gains on 29 joint drives
/share/portal/kk837/task_curriculum/third_party/IsaacLab/source/isaaclab_newton/isaaclab_newton/cloner/replicate.py:105: FutureWarning: Newton shape color replacement is enabled; this workaround will be deprecated in a future release.
  replace_newton_builder_shape_colors(builder, stage)
Warning: CollisionAPI applied to an unknown UsdGeomGPrim type, prim /World/envs/env_0/Robot/iiwa14_link_0/collisions/link_0/node_STL_BINARY_. [python3.12]
Warning: CollisionAPI applied to an unknown UsdGeomGPrim type, prim /World/envs/env_0/Robot/iiwa14_link_1/collisions/link_1/node_STL_BINARY_. [python3.12]
Warning: CollisionAPI applied to an unknown UsdGeomGPrim type, prim /World/envs/env_0/Robot/iiwa14_link_2/collisions/link_2/node_STL_BINARY_. [python3.12]
Warning: CollisionAPI applied to an unknown UsdGeomGPrim type, prim /World/envs/env_0/Robot/iiwa14_link_3/collisions/link_3/node_STL_BINARY_. [python3.12]
Warning: CollisionAPI applied to an unknown UsdGeomGPrim type, prim /World/envs/env_0/Robot/iiwa14_link_4/collisions/link_4/node_STL_BINARY_. [python3.12]
Warning: CollisionAPI applied to an unknown UsdGeomGPrim type, prim /World/envs/env_0/Robot/iiwa14_link_5/collisions/link_5/node_STL_BINARY_. [python3.12]
Warning: CollisionAPI applied to an unknown UsdGeomGPrim type, prim /World/envs/env_0/Robot/iiwa14_link_6/collisions/link_6/node_STL_BINARY_. [python3.12]
Warning: CollisionAPI applied to an unknown UsdGeomGPrim type, prim /World/envs/env_0/Robot/iiwa14_link_7/collisions/link_7/node_STL_BINARY_. [python3.12]
Warning: CollisionAPI applied to an unknown UsdGeomGPrim type, prim /World/envs/env_0/Robot/iiwa14_link_7/collisions/left_hand_C_MC/node_STL_BINARY_. [python3.12]
Warning: CollisionAPI applied to an unknown UsdGeomGPrim type, prim /World/envs/env_0/Robot/left_thumb_MC/collisions/left_thumb_MC/node_STL_BINARY_. [python3.12]
Warning: CollisionAPI applied to an unknown UsdGeomGPrim type, prim /World/envs/env_0/Robot/left_thumb_PP/collisions/left_thumb_PP/node_STL_BINARY_. [python3.12]
Warning: CollisionAPI applied to an unknown UsdGeomGPrim type, prim /World/envs/env_0/Robot/left_thumb_DP/collisions/left_thumb_DP/node_STL_BINARY_. [python3.12]
Warning: CollisionAPI applied to an unknown UsdGeomGPrim type, prim /World/envs/env_0/Robot/left_thumb_DP/collisions/thumb_elastomer/node_STL_BINARY_. [python3.12]
Warning: CollisionAPI applied to an unknown UsdGeomGPrim type, prim /World/envs/env_0/Robot/left_index_MCP_VL/collisions/MCP_VL/node_STL_BINARY_. [python3.12]
Warning: CollisionAPI applied to an unknown UsdGeomGPrim type, prim /World/envs/env_0/Robot/left_index_PP/collisions/left_PP/node_STL_BINARY_. [python3.12]
Warning: CollisionAPI applied to an unknown UsdGeomGPrim type, prim /World/envs/env_0/Robot/left_index_MP/collisions/left_MP/node_STL_BINARY_. [python3.12]
Warning: CollisionAPI applied to an unknown UsdGeomGPrim type, prim /World/envs/env_0/Robot/left_index_DP/collisions/left_DP/node_STL_BINARY_. [python3.12]
Warning: CollisionAPI applied to an unknown UsdGeomGPrim type, prim /World/envs/env_0/Robot/left_index_DP/collisions/elastomer/node_STL_BINARY_. [python3.12]
Warning: CollisionAPI applied to an unknown UsdGeomGPrim type, prim /World/envs/env_0/Robot/left_middle_MCP_VL/collisions/MCP_VL/node_STL_BINARY_. [python3.12]
Warning: CollisionAPI applied to an unknown UsdGeomGPrim type, prim /World/envs/env_0/Robot/left_middle_PP/collisions/left_PP/node_STL_BINARY_. [python3.12]
Warning: CollisionAPI applied to an unknown UsdGeomGPrim type, prim /World/envs/env_0/Robot/left_middle_MP/collisions/left_MP/node_STL_BINARY_. [python3.12]
Warning: CollisionAPI applied to an unknown UsdGeomGPrim type, prim /World/envs/env_0/Robot/left_middle_DP/collisions/left_DP/node_STL_BINARY_. [python3.12]
Warning: CollisionAPI applied to an unknown UsdGeomGPrim type, prim /World/envs/env_0/Robot/left_middle_DP/collisions/elastomer/node_STL_BINARY_. [python3.12]
Warning: CollisionAPI applied to an unknown UsdGeomGPrim type, prim /World/envs/env_0/Robot/left_ring_MCP_VL/collisions/MCP_VL/node_STL_BINARY_. [python3.12]
Warning: CollisionAPI applied to an unknown UsdGeomGPrim type, prim /World/envs/env_0/Robot/left_ring_PP/collisions/left_PP/node_STL_BINARY_. [python3.12]
Warning: CollisionAPI applied to an unknown UsdGeomGPrim type, prim /World/envs/env_0/Robot/left_ring_MP/collisions/left_MP/node_STL_BINARY_. [python3.12]
Warning: CollisionAPI applied to an unknown UsdGeomGPrim type, prim /World/envs/env_0/Robot/left_ring_DP/collisions/left_DP/node_STL_BINARY_. [python3.12]
Warning: CollisionAPI applied to an unknown UsdGeomGPrim type, prim /World/envs/env_0/Robot/left_ring_DP/collisions/elastomer/node_STL_BINARY_. [python3.12]
Warning: CollisionAPI applied to an unknown UsdGeomGPrim type, prim /World/envs/env_0/Robot/left_pinky_MC/collisions/left_pinky_MC/node_STL_BINARY_. [python3.12]
Warning: CollisionAPI applied to an unknown UsdGeomGPrim type, prim /World/envs/env_0/Robot/left_pinky_MCP_VL/collisions/MCP_VL/node_STL_BINARY_. [python3.12]
Warning: CollisionAPI applied to an unknown UsdGeomGPrim type, prim /World/envs/env_0/Robot/left_pinky_PP/collisions/left_PP/node_STL_BINARY_. [python3.12]
Warning: CollisionAPI applied to an unknown UsdGeomGPrim type, prim /World/envs/env_0/Robot/left_pinky_MP/collisions/left_MP/node_STL_BINARY_. [python3.12]
Warning: CollisionAPI applied to an unknown UsdGeomGPrim type, prim /World/envs/env_0/Robot/left_pinky_DP/collisions/left_DP/node_STL_BINARY_. [python3.12]
Warning: CollisionAPI applied to an unknown UsdGeomGPrim type, prim /World/envs/env_0/Robot/left_pinky_DP/collisions/elastomer/node_STL_BINARY_. [python3.12]
/share/portal/kk837/task_curriculum/third_party/IsaacLab/source/isaaclab_newton/isaaclab_newton/cloner/newton_clone_utils.py:147: FutureWarning: Newton shape color replacement is enabled; this workaround will be deprecated in a future release.
  replace_newton_builder_shape_colors(builder, stage)
[clone_patch] replicated 64 environments from 1 prototype row(s); variant counts [1, 1, 1, 1, 1, 1]
[INFO]: Time taken for scene creation Last: 2.946047 s, Mean: 2.946047 s, Std: 0.000000 s, N: 1
[INFO]: Scene manager:  <class InteractiveScene>
	Number of environments: 64
	Environment spacing   : 1.2
	Source prim name      : /World/envs/env_0
	Global prim paths     : []
	Replicate physics     : False
[INFO]: Starting the simulation. This may take a few seconds. Please wait...
[2026-08-17 02:42:28,247][isaaclab_newton.physics.newton_manager][INFO] - Dispatching MODEL_INIT callbacks
[2026-08-17 02:42:28,293][isaaclab_newton.physics.newton_manager][INFO] - Finalizing model on device: cuda:0
[gravcomp] mujoco:gravcomp=1 on 1920/4160 bodies before finalize
[condim] mujoco:condim=6 on 896 grasping shapes before finalize
[cable_damping] linear_kd=10.0 on 3968 DOFs, angular_kd=20.0 on 3968 DOFs
/share/portal/kk837/task_curriculum/third_party/IsaacLab/source/isaaclab_newton/isaaclab_newton/physics/newton_manager.py:1524: UserWarning: Inertia validation corrected 384 bodies. Set validate_inertia_detailed=True for detailed per-body warnings.
  NewtonManager._model = cls._builder.finalize(device=device)
Finalize builder took: Last: 0.499731 s, Mean: 0.499731 s, Std: 0.000000 s, N: 1
[2026-08-17 02:42:28,800][isaaclab_newton.physics.newton_manager][INFO] - Dispatching PHYSICS_READY callbacks
[2026-08-17 02:42:28,818][isaaclab_newton.assets.articulation.articulation_data][WARNING] - Failed to get root com velocity. If the articulation is fixed, this is expected. Setting root com velocity to zeros.
[2026-08-17 02:42:28,962][isaaclab_newton.assets.articulation.articulation][INFO] - Simulation parameters for joints in /World/envs/env_.*/Robot:
+-------------------------------------------------------------------------------------------------------------------------------------+
|                                  Simulation Joint Information (Prim path: /World/envs/env_.*/Robot)                                 |
+-------+----------------------+-----------+---------+----------+-----------------+-----------------+-----------------+---------------+
| Index | Name                 | Stiffness | Damping | Armature | Static Friction | Position Limits | Velocity Limits | Effort Limits |
+-------+----------------------+-----------+---------+----------+-----------------+-----------------+-----------------+---------------+
|   0   | iiwa14_joint_1       |  600.000  |  27.027 |  0.000   |      0.000      | [-2.967, 2.967] |      10.000     |    300.000    |
|   1   | iiwa14_joint_2       |  600.000  |  27.027 |  0.000   |      0.000      | [-2.094, 2.094] |      10.000     |    300.000    |
|   2   | iiwa14_joint_3       |  500.000  |  24.672 |  0.000   |      0.000      | [-2.967, 2.967] |      10.000     |    300.000    |
|   3   | iiwa14_joint_4       |  400.000  |  22.067 |  0.000   |      0.000      | [-2.094, 2.094] |      10.000     |    300.000    |
|   4   | iiwa14_joint_5       |  200.000  |  9.753  |  0.000   |      0.000      | [-2.967, 2.967] |      10.000     |    300.000    |
|   5   | iiwa14_joint_6       |  200.000  |  9.148  |  0.000   |      0.000      | [-2.094, 2.094] |      10.000     |    300.000    |
|   6   | iiwa14_joint_7       |  200.000  |  9.148  |  0.000   |      0.000      | [-3.054, 3.054] |      10.000     |    300.000    |
|   7   | left_1_thumb_CMC_FE  |   6.950   |  0.287  |  0.003   |      0.000      | [-0.175, 1.920] |      11.841     |     3.300     |
|   8   | left_thumb_CMC_AA    |   13.200  |  0.408  |  0.003   |      0.000      | [-0.349, 0.131] |      11.841     |     3.300     |
|   9   | left_thumb_MCP_FE    |   4.760   |  0.204  |  0.003   |      0.000      | [-0.524, 1.396] |      16.077     |     1.864     |
|   10  | left_thumb_MCP_AA    |   6.620   |  0.240  |  0.003   |      0.000      | [-0.349, 0.349] |      16.077     |     1.864     |
|   11  | left_thumb_IP        |   0.900   |  0.042  |  0.001   |      0.000      |  [0.000, 1.745] |      11.618     |     0.638     |
|   12  | left_2_index_MCP_FE  |   4.760   |  0.209  |  0.003   |      0.000      | [-0.175, 1.571] |      16.077     |     1.864     |
|   13  | left_index_MCP_AA    |   6.620   |  0.246  |  0.003   |      0.000      | [-0.035, 0.035] |      16.077     |     1.864     |
|   14  | left_index_PIP       |   0.900   |  0.042  |  0.001   |      0.000      |  [0.000, 1.745] |      11.618     |     0.638     |
|   15  | left_index_DIP       |   0.900   |  0.035  |  0.000   |      0.000      |  [0.000, 1.396] |      14.666     |     0.189     |
|   16  | left_3_middle_MCP_FE |   4.760   |  0.209  |  0.003   |      0.000      | [-0.175, 1.571] |      16.077     |     1.864     |
|   17  | left_middle_MCP_AA   |   6.620   |  0.246  |  0.003   |      0.000      | [-0.035, 0.035] |      16.077     |     1.864     |
|   18  | left_middle_PIP      |   0.900   |  0.042  |  0.001   |      0.000      |  [0.000, 1.745] |      11.618     |     0.638     |
|   19  | left_middle_DIP      |   0.900   |  0.035  |  0.000   |      0.000      |  [0.000, 1.396] |      14.666     |     0.189     |
|   20  | left_4_ring_MCP_FE   |   4.760   |  0.209  |  0.003   |      0.000      | [-0.175, 1.571] |      16.077     |     1.864     |
|   21  | left_ring_MCP_AA     |   6.620   |  0.246  |  0.003   |      0.000      | [-0.035, 0.035] |      16.077     |     1.864     |
|   22  | left_ring_PIP        |   0.900   |  0.042  |  0.001   |      0.000      |  [0.000, 1.745] |      11.618     |     0.638     |
|   23  | left_ring_DIP        |   0.900   |  0.035  |  0.000   |      0.000      |  [0.000, 1.396] |      14.666     |     0.189     |
|   24  | left_5_pinky_CMC     |   1.380   |  0.028  |  0.000   |      0.000      |  [0.000, 0.262] |      35.074     |     0.529     |
|   25  | left_pinky_MCP_FE    |   4.760   |  0.209  |  0.003   |      0.000      | [-0.175, 1.571] |      16.077     |     1.864     |
|   26  | left_pinky_MCP_AA    |   6.620   |  0.246  |  0.003   |      0.000      | [-0.035, 0.035] |      16.077     |     1.864     |
|   27  | left_pinky_PIP       |   0.900   |  0.042  |  0.001   |      0.000      |  [0.000, 1.745] |      11.618     |     0.638     |
|   28  | left_pinky_DIP       |   0.900   |  0.035  |  0.000   |      0.000      |  [0.000, 1.396] |      14.666     |     0.189     |
+-------+----------------------+-----------+---------+----------+-----------------+-----------------+-----------------+---------------+
Initialize solver took: Last: 2.983719 s, Mean: 2.983719 s, Std: 0.000000 s, N: 1
[INFO]: Time taken for simulation start Last: 3.733849 s, Mean: 3.733849 s, Std: 0.000000 s, N: 1
[INFO]: Completed setting up the environment...
[material_patch] friction set: 4481 shapes at mu=0.5, 640 fingertip shapes at mu=1.5
[fingertip_order] reordered fingertips to canonical order: ['left_thumb_DP', 'left_index_DP', 'left_middle_DP', 'left_ring_DP', 'left_pinky_DP'] -> ['left_index_DP', 'left_middle_DP', 'left_ring_DP', 'left_thumb_DP', 'left_pinky_DP']
Gym has been unmaintained since 2022 and does not support NumPy 2.0 amongst other critical functionality.
Please upgrade to Gymnasium, the maintained drop-in replacement of Gym, or contact the authors of your software and request that they upgrade.
See the migration guide at https://gymnasium.farama.org/introduction/migration_guide/ for additional information.
/share/portal/kk837/task_curriculum/isaacsimenvs/eval/player.py:53: UserWarning: register_new_resolver() is deprecated and will be removed in a future release.
Use register_resolver() instead.
See https://github.com/omry/omegaconf/issues/426 for migration instructions.

  OmegaConf.register_new_resolver(name, fn)
self.seed = 0
[BasePlayer] Creating regular env:  rlgpu
{'observation_space': Box(-inf, inf, (140,), float32), 'action_space': Box(-1.0, 1.0, (29,), float32), 'agents': 1, 'value_size': 1}
build mlp: 1024
RunningMeanStd:  (1,)
RunningMeanStd:  (140,)
=> loading checkpoint '/share/portal/kk837/simtoolreal/pretrained_policy/model.pth'
/share/portal/kk837/task_curriculum/isaacsimenvs/tasks/play/utils/reset_utils.py:218: DeprecationWarning: The function 'write_joint_state_to_sim' will be deprecated in a future release. Please use 'write_joint_state_to_sim_index' instead.
  env.robot.write_joint_state_to_sim(joint_pos, joint_vel, env_ids=env_ids)
/share/portal/kk837/task_curriculum/isaacsimenvs/newton/patches.py:2112: DeprecationWarning: The function 'write_root_pose_to_sim' will be deprecated in a future release. Please use 'write_root_pose_to_sim_index' instead.
  return _orig(value, *args, **kwargs)
/share/portal/kk837/task_curriculum/isaacsimenvs/newton/patches.py:388: DeprecationWarning: The `body_state_w` property will be deprecated in IsaacLab 4.0. Please use `body_link_pose_w` and `body_com_vel_w` instead.
  value = getattr(object.__getattribute__(self, "_wrapped"), name)
Warning: Triangle pair buffer overflowed 4255898 > 4194304.
Warning: Triangle pair buffer overflowed 4387262 > 4194304.
Warning: Triangle pair buffer overflowed 4552768 > 4194304.
Warning: Triangle pair buffer overflowed 4742955 > 4194304.
Warning: Triangle pair buffer overflowed 4206323 > 4194304.
Warning: Triangle pair buffer overflowed 4290860 > 4194304.
Warning: Triangle pair buffer overflowed 4900065 > 4194304.
Warning: Triangle pair buffer overflowed 4383609 > 4194304.
Warning: Triangle pair buffer overflowed 4440759 > 4194304.
Warning: Triangle pair buffer overflowed 5015271 > 4194304.
Warning: Triangle pair buffer overflowed 4529480 > 4194304.
Warning: Triangle pair buffer overflowed 4619522 > 4194304.
Warning: Triangle pair buffer overflowed 5057988 > 4194304.
Warning: Triangle pair buffer overflowed 4614941 > 4194304.
Warning: Triangle pair buffer overflowed 4630784 > 4194304.
Warning: Triangle pair buffer overflowed 5002675 > 4194304.
Warning: Triangle pair buffer overflowed 4617871 > 4194304.
Warning: Triangle pair buffer overflowed 4594088 > 4194304.
Warning: Triangle pair buffer overflowed 4955459 > 4194304.
Warning: Triangle pair buffer overflowed 4607233 > 4194304.
Warning: Triangle pair buffer overflowed 4581047 > 4194304.
Warning: Triangle pair buffer overflowed 4902562 > 4194304.
Warning: Triangle pair buffer overflowed 4548367 > 4194304.
Warning: Triangle pair buffer overflowed 4539638 > 4194304.
Warning: Triangle pair buffer overflowed 4906389 > 4194304.
Warning: Triangle pair buffer overflowed 4563481 > 4194304.
Warning: Triangle pair buffer overflowed 4586538 > 4194304.
Warning: Triangle pair buffer overflowed 4855758 > 4194304.
Warning: Triangle pair buffer overflowed 4594208 > 4194304.
Warning: Triangle pair buffer overflowed 4561238 > 4194304.
Warning: Triangle pair buffer overflowed 4846500 > 4194304.
Warning: Triangle pair buffer overflowed 4557108 > 4194304.
Warning: Triangle pair buffer overflowed 4545360 > 4194304.
Warning: Triangle pair buffer overflowed 4853370 > 4194304.
Warning: Triangle pair buffer overflowed 4599497 > 4194304.
Warning: Triangle pair buffer overflowed 4530447 > 4194304.
Warning: Triangle pair buffer overflowed 4815027 > 4194304.
Warning: Triangle pair buffer overflowed 4503617 > 4194304.
Warning: Triangle pair buffer overflowed 4467692 > 4194304.
Warning: Triangle pair buffer overflowed 4661628 > 4194304.
Warning: Triangle pair buffer overflowed 4359865 > 4194304.
Warning: Triangle pair buffer overflowed 4325315 > 4194304.
Warning: Triangle pair buffer overflowed 4614191 > 4194304.
Warning: Triangle pair buffer overflowed 4305468 > 4194304.
Warning: Triangle pair buffer overflowed 4353516 > 4194304.
Warning: Triangle pair buffer overflowed 4658375 > 4194304.
Warning: Triangle pair buffer overflowed 4374769 > 4194304.
Warning: Triangle pair buffer overflowed 4388194 > 4194304.
Warning: Triangle pair buffer overflowed 4821704 > 4194304.
Warning: Triangle pair buffer overflowed 4456934 > 4194304.
Warning: Triangle pair buffer overflowed 4538956 > 4194304.
Warning: Triangle pair buffer overflowed 4972547 > 4194304.
Warning: Triangle pair buffer overflowed 4616299 > 4194304.
Warning: Triangle pair buffer overflowed 4644031 > 4194304.
Warning: Triangle pair buffer overflowed 5101944 > 4194304.
Warning: Triangle pair buffer overflowed 4694673 > 4194304.
Warning: Triangle pair buffer overflowed 4726115 > 4194304.
Warning: Triangle pair buffer overflowed 5220551 > 4194304.
Warning: Triangle pair buffer overflowed 4788677 > 4194304.
Warning: Triangle pair buffer overflowed 4800709 > 4194304.
Warning: Triangle pair buffer overflowed 5213435 > 4194304.
Warning: Triangle pair buffer overflowed 4734783 > 4194304.
Warning: Triangle pair buffer overflowed 4737397 > 4194304.
Warning: Triangle pair buffer overflowed 5207113 > 4194304.
Warning: Triangle pair buffer overflowed 4775410 > 4194304.
Warning: Triangle pair buffer overflowed 4788548 > 4194304.
Warning: Triangle pair buffer overflowed 5168403 > 4194304.
Warning: Triangle pair buffer overflowed 4755321 > 4194304.
Warning: Triangle pair buffer overflowed 4689028 > 4194304.
Warning: Triangle pair buffer overflowed 5150631 > 4194304.
Warning: Triangle pair buffer overflowed 4675689 > 4194304.
Warning: Triangle pair buffer overflowed 4681486 > 4194304.
Warning: Triangle pair buffer overflowed 5228152 > 4194304.
Warning: Triangle pair buffer overflowed 4758057 > 4194304.
Warning: Triangle pair buffer overflowed 4803296 > 4194304.
Warning: Triangle pair buffer overflowed 5350355 > 4194304.
Warning: Triangle pair buffer overflowed 4868152 > 4194304.
Warning: Triangle pair buffer overflowed 4902212 > 4194304.
Warning: Triangle pair buffer overflowed 5378721 > 4194304.
Warning: Triangle pair buffer overflowed 4851710 > 4194304.
Warning: Triangle pair buffer overflowed 4861347 > 4194304.
Warning: Triangle pair buffer overflowed 5458888 > 4194304.
Warning: Triangle pair buffer overflowed 4897917 > 4194304.
Warning: Triangle pair buffer overflowed 4980355 > 4194304.
Warning: Triangle pair buffer overflowed 5621659 > 4194304.
Warning: Triangle pair buffer overflowed 5042223 > 4194304.
Warning: Triangle pair buffer overflowed 5119469 > 4194304.
Warning: Triangle pair buffer overflowed 5711853 > 4194304.
Warning: Triangle pair buffer overflowed 5135415 > 4194304.
Warning: Triangle pair buffer overflowed 5128876 > 4194304.
Warning: Triangle pair buffer overflowed 5506070 > 4194304.
Warning: Triangle pair buffer overflowed 4991635 > 4194304.
Warning: Triangle pair buffer overflowed 4885460 > 4194304.
Warning: Triangle pair buffer overflowed 5412946 > 4194304.
Warning: Triangle pair buffer overflowed 4874992 > 4194304.
Warning: Triangle pair buffer overflowed 4805481 > 4194304.
Warning: Triangle pair buffer overflowed 5341333 > 4194304.
Warning: Triangle pair buffer overflowed 4732586 > 4194304.
Warning: Triangle pair buffer overflowed 4784668 > 4194304.
Warning: Triangle pair buffer overflowed 5403168 > 4194304.
Warning: Triangle pair buffer overflowed 4793122 > 4194304.
Warning: Triangle pair buffer overflowed 4853614 > 4194304.
Warning: Triangle pair buffer overflowed 5474099 > 4194304.
Warning: Triangle pair buffer overflowed 4894856 > 4194304.
Warning: Triangle pair buffer overflowed 4882787 > 4194304.
Warning: Triangle pair buffer overflowed 5445608 > 4194304.
Warning: Triangle pair buffer overflowed 4824808 > 4194304.
Warning: Triangle pair buffer overflowed 4830076 > 4194304.
Warning: Triangle pair buffer overflowed 5394407 > 4194304.
Warning: Triangle pair buffer overflowed 4816607 > 4194304.
Warning: Triangle pair buffer overflowed 4761271 > 4194304.
Warning: Triangle pair buffer overflowed 5334653 > 4194304.
Warning: Triangle pair buffer overflowed 4738309 > 4194304.
Warning: Triangle pair buffer overflowed 4728834 > 4194304.
Warning: Triangle pair buffer overflowed 5459498 > 4194304.
Warning: Triangle pair buffer overflowed 4799201 > 4194304.
Warning: Triangle pair buffer overflowed 4873242 > 4194304.
Warning: Triangle pair buffer overflowed 5607269 > 4194304.
Warning: Triangle pair buffer overflowed 4964427 > 4194304.
Warning: Triangle pair buffer overflowed 5023786 > 4194304.
Warning: Triangle pair buffer overflowed 5613790 > 4194304.
Warning: Triangle pair buffer overflowed 5069067 > 4194304.
Warning: Triangle pair buffer overflowed 4993923 > 4194304.
Warning: Triangle pair buffer overflowed 5679625 > 4194304.
Warning: Triangle pair buffer overflowed 5036395 > 4194304.
Warning: Triangle pair buffer overflowed 5048304 > 4194304.
Warning: Triangle pair buffer overflowed 5664340 > 4194304.
Warning: Triangle pair buffer overflowed 5007537 > 4194304.
Warning: Triangle pair buffer overflowed 5027024 > 4194304.
Warning: Triangle pair buffer overflowed 5694689 > 4194304.
Warning: Triangle pair buffer overflowed 5025533 > 4194304.
Warning: Triangle pair buffer overflowed 5049934 > 4194304.
Warning: Triangle pair buffer overflowed 5740451 > 4194304.
Warning: Triangle pair buffer overflowed 5093637 > 4194304.
Warning: Triangle pair buffer overflowed 5093258 > 4194304.
Warning: Triangle pair buffer overflowed 5821488 > 4194304.
Warning: Triangle pair buffer overflowed 5139290 > 4194304.
Warning: Triangle pair buffer overflowed 5156314 > 4194304.
Warning: Triangle pair buffer overflowed 5747788 > 4194304.
Warning: Triangle pair buffer overflowed 5127333 > 4194304.
Warning: Triangle pair buffer overflowed 5058149 > 4194304.
Warning: Triangle pair buffer overflowed 5671417 > 4194304.
Warning: Triangle pair buffer overflowed 5036682 > 4194304.
Warning: Triangle pair buffer overflowed 4990165 > 4194304.
Warning: Triangle pair buffer overflowed 5586343 > 4194304.
Warning: Triangle pair buffer overflowed 4930957 > 4194304.
Warning: Triangle pair buffer overflowed 4902178 > 4194304.
Warning: Triangle pair buffer overflowed 5568868 > 4194304.
Warning: Triangle pair buffer overflowed 4904447 > 4194304.
Warning: Triangle pair buffer overflowed 4950008 > 4194304.
Warning: Triangle pair buffer overflowed 5544850 > 4194304.
Warning: Triangle pair buffer overflowed 5003022 > 4194304.
Warning: Triangle pair buffer overflowed 4922943 > 4194304.
Warning: Triangle pair buffer overflowed 5456604 > 4194304.
Warning: Triangle pair buffer overflowed 4845621 > 4194304.
Warning: Triangle pair buffer overflowed 4786699 > 4194304.
Warning: Triangle pair buffer overflowed 5317555 > 4194304.
Warning: Triangle pair buffer overflowed 4713931 > 4194304.
Warning: Triangle pair buffer overflowed 4662371 > 4194304.
Warning: Triangle pair buffer overflowed 5248277 > 4194304.
Warning: Triangle pair buffer overflowed 4670257 > 4194304.
Warning: Triangle pair buffer overflowed 4649183 > 4194304.
Warning: Triangle pair buffer overflowed 5080379 > 4194304.
Warning: Triangle pair buffer overflowed 4591379 > 4194304.
Warning: Triangle pair buffer overflowed 4469463 > 4194304.
Warning: Triangle pair buffer overflowed 4963893 > 4194304.
Warning: Triangle pair buffer overflowed 4376665 > 4194304.
Warning: Triangle pair buffer overflowed 4430398 > 4194304.
Warning: Triangle pair buffer overflowed 4988115 > 4194304.
Warning: Triangle pair buffer overflowed 4451717 > 4194304.
Warning: Triangle pair buffer overflowed 4423461 > 4194304.
Warning: Triangle pair buffer overflowed 4953977 > 4194304.
Warning: Triangle pair buffer overflowed 4393560 > 4194304.
Warning: Triangle pair buffer overflowed 4447358 > 4194304.
Warning: Triangle pair buffer overflowed 5040779 > 4194304.
Warning: Triangle pair buffer overflowed 4474766 > 4194304.
Warning: Triangle pair buffer overflowed 4581853 > 4194304.
Warning: Triangle pair buffer overflowed 5215888 > 4194304.
Warning: Triangle pair buffer overflowed 4654948 > 4194304.
Warning: Triangle pair buffer overflowed 4768250 > 4194304.
Warning: Triangle pair buffer overflowed 5330532 > 4194304.
Warning: Triangle pair buffer overflowed 4830518 > 4194304.
Warning: Triangle pair buffer overflowed 4813679 > 4194304.
Warning: Triangle pair buffer overflowed 5356798 > 4194304.
Warning: Triangle pair buffer overflowed 4888611 > 4194304.
Warning: Triangle pair buffer overflowed 4921477 > 4194304.
Warning: Triangle pair buffer overflowed 5326626 > 4194304.
Warning: Triangle pair buffer overflowed 4860418 > 4194304.
Warning: Triangle pair buffer overflowed 4897964 > 4194304.
Warning: Triangle pair buffer overflowed 5257140 > 4194304.
Warning: Triangle pair buffer overflowed 4850757 > 4194304.
Warning: Triangle pair buffer overflowed 4775534 > 4194304.
Warning: Triangle pair buffer overflowed 5164605 > 4194304.
Warning: Triangle pair buffer overflowed 4706557 > 4194304.
Warning: Triangle pair buffer overflowed 4739643 > 4194304.
Warning: Triangle pair buffer overflowed 5288255 > 4194304.
Warning: Triangle pair buffer overflowed 4790383 > 4194304.
Warning: Triangle pair buffer overflowed 4854495 > 4194304.
Warning: Triangle pair buffer overflowed 5368483 > 4194304.
Warning: Triangle pair buffer overflowed 4945204 > 4194304.
Warning: Triangle pair buffer overflowed 4974779 > 4194304.
Warning: Triangle pair buffer overflowed 5162157 > 4194304.
Warning: Triangle pair buffer overflowed 4879363 > 4194304.
Warning: Triangle pair buffer overflowed 4732413 > 4194304.
Warning: Triangle pair buffer overflowed 5064596 > 4194304.
Warning: Triangle pair buffer overflowed 4680626 > 4194304.
Warning: Triangle pair buffer overflowed 4688240 > 4194304.
Warning: Triangle pair buffer overflowed 4961296 > 4194304.
Warning: Triangle pair buffer overflowed 4610847 > 4194304.
Warning: Triangle pair buffer overflowed 4610953 > 4194304.
Warning: Triangle pair buffer overflowed 5126134 > 4194304.
Warning: Triangle pair buffer overflowed 4711392 > 4194304.
Warning: Triangle pair buffer overflowed 4844886 > 4194304.
Warning: Triangle pair buffer overflowed 5127394 > 4194304.
Warning: Triangle pair buffer overflowed 4781744 > 4194304.
Warning: Triangle pair buffer overflowed 4805710 > 4194304.
Warning: Triangle pair buffer overflowed 5073929 > 4194304.
Warning: Triangle pair buffer overflowed 4802159 > 4194304.
Warning: Triangle pair buffer overflowed 4729311 > 4194304.
Warning: Triangle pair buffer overflowed 4920607 > 4194304.
Warning: Triangle pair buffer overflowed 4530492 > 4194304.
Warning: Triangle pair buffer overflowed 4574705 > 4194304.
Warning: Triangle pair buffer overflowed 5090388 > 4194304.
Warning: Triangle pair buffer overflowed 4756976 > 4194304.
Warning: Triangle pair buffer overflowed 4789340 > 4194304.
Warning: Triangle pair buffer overflowed 5136131 > 4194304.
Warning: Triangle pair buffer overflowed 4862382 > 4194304.
Warning: Triangle pair buffer overflowed 4865839 > 4194304.
Warning: Triangle pair buffer overflowed 5215332 > 4194304.
Warning: Triangle pair buffer overflowed 4858801 > 4194304.
Warning: Triangle pair buffer overflowed 4781152 > 4194304.
Warning: Triangle pair buffer overflowed 5136180 > 4194304.
Warning: Triangle pair buffer overflowed 4745288 > 4194304.
Warning: Triangle pair buffer overflowed 4725806 > 4194304.
Warning: Triangle pair buffer overflowed 5135249 > 4194304.
Warning: Triangle pair buffer overflowed 4761532 > 4194304.
Warning: Triangle pair buffer overflowed 4781398 > 4194304.
Warning: Triangle pair buffer overflowed 5041794 > 4194304.
Warning: Triangle pair buffer overflowed 4754160 > 4194304.
Warning: Triangle pair buffer overflowed 4764346 > 4194304.
Warning: Triangle pair buffer overflowed 5037218 > 4194304.
Warning: Triangle pair buffer overflowed 4773766 > 4194304.
Warning: Triangle pair buffer overflowed 4837278 > 4194304.
Warning: Triangle pair buffer overflowed 5117078 > 4194304.
Warning: Triangle pair buffer overflowed 4841027 > 4194304.
Warning: Triangle pair buffer overflowed 4688984 > 4194304.
Warning: Triangle pair buffer overflowed 4861140 > 4194304.
Warning: Triangle pair buffer overflowed 4527988 > 4194304.
Warning: Triangle pair buffer overflowed 4525163 > 4194304.
Warning: Triangle pair buffer overflowed 4826415 > 4194304.
Warning: Triangle pair buffer overflowed 4484300 > 4194304.
Warning: Triangle pair buffer overflowed 4481494 > 4194304.
Warning: Triangle pair buffer overflowed 4876856 > 4194304.
Warning: Triangle pair buffer overflowed 4528439 > 4194304.
Warning: Triangle pair buffer overflowed 4521960 > 4194304.
Warning: Triangle pair buffer overflowed 4716207 > 4194304.
Warning: Triangle pair buffer overflowed 4468321 > 4194304.
Warning: Triangle pair buffer overflowed 4399862 > 4194304.
Warning: Triangle pair buffer overflowed 4708301 > 4194304.
Warning: Triangle pair buffer overflowed 4361978 > 4194304.
Warning: Triangle pair buffer overflowed 4369686 > 4194304.
Warning: Triangle pair buffer overflowed 4656890 > 4194304.
Warning: Triangle pair buffer overflowed 4333038 > 4194304.
Warning: Triangle pair buffer overflowed 4363753 > 4194304.
Warning: Triangle pair buffer overflowed 4748495 > 4194304.
Warning: Triangle pair buffer overflowed 4430376 > 4194304.
Warning: Triangle pair buffer overflowed 4527418 > 4194304.
Warning: Triangle pair buffer overflowed 4814323 > 4194304.
Warning: Triangle pair buffer overflowed 4519946 > 4194304.
Warning: Triangle pair buffer overflowed 4549142 > 4194304.
Warning: Triangle pair buffer overflowed 4760771 > 4194304.
Warning: Triangle pair buffer overflowed 4516236 > 4194304.
Warning: Triangle pair buffer overflowed 4500508 > 4194304.
Warning: Triangle pair buffer overflowed 4703778 > 4194304.
Warning: Triangle pair buffer overflowed 4431592 > 4194304.
Warning: Triangle pair buffer overflowed 4468620 > 4194304.
Warning: Triangle pair buffer overflowed 4718015 > 4194304.
Warning: Triangle pair buffer overflowed 4455662 > 4194304.
Warning: Triangle pair buffer overflowed 4434911 > 4194304.
Warning: Triangle pair buffer overflowed 4745131 > 4194304.
Warning: Triangle pair buffer overflowed 4452676 > 4194304.
Warning: Triangle pair buffer overflowed 4465937 > 4194304.
Warning: Triangle pair buffer overflowed 4727064 > 4194304.
Warning: Triangle pair buffer overflowed 4417338 > 4194304.
Warning: Triangle pair buffer overflowed 4376561 > 4194304.
Warning: Triangle pair buffer overflowed 4703765 > 4194304.
Warning: Triangle pair buffer overflowed 4378514 > 4194304.
Warning: Triangle pair buffer overflowed 4438727 > 4194304.
Warning: Triangle pair buffer overflowed 4843460 > 4194304.
Warning: Triangle pair buffer overflowed 4575907 > 4194304.
Warning: Triangle pair buffer overflowed 4545424 > 4194304.
Warning: Triangle pair buffer overflowed 4653896 > 4194304.
Warning: Triangle pair buffer overflowed 4407764 > 4194304.
Warning: Triangle pair buffer overflowed 4330615 > 4194304.
Warning: Triangle pair buffer overflowed 4667825 > 4194304.
Warning: Triangle pair buffer overflowed 4341378 > 4194304.
Warning: Triangle pair buffer overflowed 4350406 > 4194304.
Warning: Triangle pair buffer overflowed 4644511 > 4194304.
Warning: Triangle pair buffer overflowed 4326616 > 4194304.
Warning: Triangle pair buffer overflowed 4275414 > 4194304.
Warning: Triangle pair buffer overflowed 4590123 > 4194304.
Warning: Triangle pair buffer overflowed 4212002 > 4194304.
Warning: Triangle pair buffer overflowed 4270394 > 4194304.
Warning: Triangle pair buffer overflowed 4470609 > 4194304.
Warning: Triangle pair buffer overflowed 4233074 > 4194304.
Warning: Triangle pair buffer overflowed 4296057 > 4194304.
Warning: Triangle pair buffer overflowed 4341550 > 4194304.
Warning: Triangle pair buffer overflowed 4258945 > 4194304.
Warning: Triangle pair buffer overflowed 4294969 > 4194304.
Warning: Triangle pair buffer overflowed 4277269 > 4194304.
Warning: Triangle pair buffer overflowed 4240525 > 4194304.
Warning: Triangle pair buffer overflowed 4218118 > 4194304.
Warning: Triangle pair buffer overflowed 4196654 > 4194304.
[2026-08-17T02:43:38.082] error: *** JOB 85410 ON portal-compute-02 CANCELLED AT 2026-08-17T02:43:38 DUE to SIGNAL Terminated ***
