[job] tag=s_d20i120 num_envs=64 host=portal-compute-01.cs.cornell.edu gpu=0
[job] overrides: env.cable.thickness=0.03 env.cable.angular_damping=20.0 env.cable.vbd_iterations=120
[episodes] running kit-less (no Isaac Sim runtime): AppLauncher requires the full Isaac Sim runtime. Install Isaac Sim or avoid constructing AppLauncher in a kitless process.
[INFO]: Parsing configuration from: isaacsimenvs.tasks.cable.cable_env_cfg:CableEnvCfg
/share/portal/kk837/task_curriculum/isaacsimenvs/utils/hydra_utils.py:91: Hydra15MigrationWarning: The version_base parameter is deprecated and will be removed in Hydra 1.5.
Omit the version_base parameter to use the current Hydra defaults.
  @hydra.main(config_path=None, config_name=short_name, version_base="1.3")
[cable] triangle-pair budget 4,194,304 for num_envs=64
[2026-08-17 01:38:08,175][isaaclab.envs.common][WARNING] - env_cfg.viewer is deprecated. Set env_cfg.sim.default_visualizer_cfg = KitVisualizerCfg(eye=..., lookat=...) instead. The viewer values have been automatically forwarded for this run.
[INFO]: Base environment:
	Environment device    : cuda:0
	Environment seed      : 0
	Physics step-size     : 0.00833333333
	Rendering step-size   : 0.01666666666
	Environment step-size : 0.01666666666
[2026-08-17 01:38:15,494][isaaclab.cloner._fabric_notices][INFO] - libcarb.so unavailable — Fabric notice suspension disabled (Linux x86_64 only)
[scene_utils][+0.00s] setup start num_envs=64 num_assets_per_type=1
[scene_utils][+0.01s] generated 2 object URDFs
[scene_utils][+3.72s] resolved baked USDs
[quat_convention] robot init rot (1.0, 0.0, 0.0, 0.0) (wxyz) -> (0.0, 0.0, 0.0, 1.0) (xyzw)
[2026-08-17 01:38:19,249][isaaclab.utils.backend_utils][INFO] - Registered backend 'newton' for factory Articulation.
[2026-08-17 01:38:19,381][isaaclab.utils.backend_utils][INFO] - Registered backend 'newton' for factory RigidObject.
[2026-08-17 01:38:19,386][isaaclab.sim.spawners.wrappers.wrappers][WARNING] - `random_choice` parameter in `spawn_multi_asset` is deprecated, and nothing will happen. Use `isaaclab.scene.interactive_scene_cfg.InteractiveSceneCfg.random_heterogeneous_cloning` instead.
[2026-08-17 01:38:19,400][isaaclab.sim.spawners.wrappers.wrappers][WARNING] - `random_choice` parameter in `spawn_multi_asset` is deprecated, and nothing will happen. Use `isaaclab.scene.interactive_scene_cfg.InteractiveSceneCfg.random_heterogeneous_cloning` instead.
[2026-08-17 01:38:19,410][isaaclab.sim.spawners.wrappers.wrappers][WARNING] - `random_choice` parameter in `spawn_multi_asset` is deprecated, and nothing will happen. Use `isaaclab.scene.interactive_scene_cfg.InteractiveSceneCfg.random_heterogeneous_cloning` instead.
[scene_utils][+3.90s] spawned robot/table/object/goalviz
I: Initializing Version 2.72.3-release.7151+gl.5390bed9
I: Client ID: MBA9JJ4D
I: Not using Hub: Hub not found
I: Successfully created S3 provider for https://omniverse-content-staging.s3-us-west-2.amazonaws.com
[2026-08-17 01:38:20,892][isaaclab.utils.assets][WARNING] - Serving remote assets from the local cache under '/share/portal/kk837/tmp'. Each copy is checked against the server before use; delete the directory to force a full re-download.
[2026-08-17 01:38:20,893][isaaclab.utils.assets][INFO] - Loading local copy of remote asset 'https://omniverse-content-staging.s3-us-west-2.amazonaws.com/Assets/Isaac/6.1/Isaac/Environments/Grid/default_environment.usd' from '/share/portal/kk837/tmp/https/omniverse-content-staging.s3-us-west-2.amazonaws.com/Assets/Isaac/6.1/Isaac/Environments/Grid/default_environment.usd'.
[2026-08-17 01:38:21,023][isaaclab.utils.assets][INFO] - Loading local copy of remote asset 'https://omniverse-content-staging.s3-us-west-2.amazonaws.com/Assets/Isaac/6.1/Isaac/Environments/Grid/Materials/Textures/WireframeBlur_blue.png' from '/share/portal/kk837/tmp/https/omniverse-content-staging.s3-us-west-2.amazonaws.com/Assets/Isaac/6.1/Isaac/Environments/Grid/Materials/Textures/WireframeBlur_blue.png'.
[2026-08-17 01:38:21,025][isaaclab.utils.assets][INFO] - Loading local copy of remote asset 'https://omniverse-content-staging.s3-us-west-2.amazonaws.com/Assets/Isaac/6.1/Isaac/Environments/Grid/Materials/Textures/WireframeBlur_basecolor.png' from '/share/portal/kk837/tmp/https/omniverse-content-staging.s3-us-west-2.amazonaws.com/Assets/Isaac/6.1/Isaac/Environments/Grid/Materials/Textures/WireframeBlur_basecolor.png'.
[2026-08-17 01:38:21,026][isaaclab.utils.assets][INFO] - Loading local copy of remote asset 'https://omniverse-content-staging.s3-us-west-2.amazonaws.com/Assets/Isaac/6.1/Isaac/Environments/Grid/Materials/Textures/Wireframe_blue.png' from '/share/portal/kk837/tmp/https/omniverse-content-staging.s3-us-west-2.amazonaws.com/Assets/Isaac/6.1/Isaac/Environments/Grid/Materials/Textures/Wireframe_blue.png'.
[scene_utils][+5.66s] registered assets with scene
[cable] neutralised the inherited rigid tool (1 prims, 2 colliders off, 1 bodies pinned)
[cable] goal marker reshaped on 1 prims (capsule 0.300 m x 30 mm)
[2026-08-17 01:38:21,237][isaaclab.utils.backend_utils][INFO] - Registered backend 'newton' for factory CableObject.
[2026-08-17 01:38:21,281][isaaclab.sim.spawners.materials.visual_materials][WARNING] - Skipping preview surface material at '/World/envs/env_0/Cable/geometry/material' — Kit is not available.
[2026-08-17 01:38:21,282][isaaclab.sim.utils.prims][WARNING] - Could not perform 'bind_visual_material' on any prims under: '/World/envs/env_0/Cable/geometry/mesh'. This might be because of the following reasons:
	(1) The desired attribute does not exist on any of the prims.
	(2) The desired attribute exists on an instanced prim.
		Discovered list of instanced prim paths: []
[cable] object_scale = [7.5, 0.75, 0.75] (bbox [0.3, 0.03, 0.03] m / object_base_size 0.04)
[cable] 12 segments, 0.300 m x 30 mm, stretch 1.77e+07, bend 1.26e+07
[cloning] pushed CollisionAPI onto 34 mesh prims under 34 collision Xforms
[cloning] marked 3 object colliders convexHull
[cloning] authored PD gains on 29 joint drives
/share/portal/kk837/task_curriculum/third_party/IsaacLab/source/isaaclab_newton/isaaclab_newton/cloner/replicate.py:105: FutureWarning: Newton shape color replacement is enabled; this workaround will be deprecated in a future release.
  replace_newton_builder_shape_colors(builder, stage)
Warning: CollisionAPI applied to an unknown UsdGeomGPrim type, prim /World/envs/env_0/Robot/iiwa14_link_0/collisions/link_0/node_STL_BINARY_. [python3.12]
Warning: CollisionAPI applied to an unknown UsdGeomGPrim type, prim /World/envs/env_0/Robot/iiwa14_link_1/collisions/link_1/node_STL_BINARY_. [python3.12]
Warning: CollisionAPI applied to an unknown UsdGeomGPrim type, prim /World/envs/env_0/Robot/iiwa14_link_2/collisions/link_2/node_STL_BINARY_. [python3.12]
Warning: CollisionAPI applied to an unknown UsdGeomGPrim type, prim /World/envs/env_0/Robot/iiwa14_link_3/collisions/link_3/node_STL_BINARY_. [python3.12]
Warning: CollisionAPI applied to an unknown UsdGeomGPrim type, prim /World/envs/env_0/Robot/iiwa14_link_4/collisions/link_4/node_STL_BINARY_. [python3.12]
Warning: CollisionAPI applied to an unknown UsdGeomGPrim type, prim /World/envs/env_0/Robot/iiwa14_link_5/collisions/link_5/node_STL_BINARY_. [python3.12]
Warning: CollisionAPI applied to an unknown UsdGeomGPrim type, prim /World/envs/env_0/Robot/iiwa14_link_6/collisions/link_6/node_STL_BINARY_. [python3.12]
Warning: CollisionAPI applied to an unknown UsdGeomGPrim type, prim /World/envs/env_0/Robot/iiwa14_link_7/collisions/link_7/node_STL_BINARY_. [python3.12]
Warning: CollisionAPI applied to an unknown UsdGeomGPrim type, prim /World/envs/env_0/Robot/iiwa14_link_7/collisions/left_hand_C_MC/node_STL_BINARY_. [python3.12]
Warning: CollisionAPI applied to an unknown UsdGeomGPrim type, prim /World/envs/env_0/Robot/left_thumb_MC/collisions/left_thumb_MC/node_STL_BINARY_. [python3.12]
Warning: CollisionAPI applied to an unknown UsdGeomGPrim type, prim /World/envs/env_0/Robot/left_thumb_PP/collisions/left_thumb_PP/node_STL_BINARY_. [python3.12]
Warning: CollisionAPI applied to an unknown UsdGeomGPrim type, prim /World/envs/env_0/Robot/left_thumb_DP/collisions/left_thumb_DP/node_STL_BINARY_. [python3.12]
Warning: CollisionAPI applied to an unknown UsdGeomGPrim type, prim /World/envs/env_0/Robot/left_thumb_DP/collisions/thumb_elastomer/node_STL_BINARY_. [python3.12]
Warning: CollisionAPI applied to an unknown UsdGeomGPrim type, prim /World/envs/env_0/Robot/left_index_MCP_VL/collisions/MCP_VL/node_STL_BINARY_. [python3.12]
Warning: CollisionAPI applied to an unknown UsdGeomGPrim type, prim /World/envs/env_0/Robot/left_index_PP/collisions/left_PP/node_STL_BINARY_. [python3.12]
Warning: CollisionAPI applied to an unknown UsdGeomGPrim type, prim /World/envs/env_0/Robot/left_index_MP/collisions/left_MP/node_STL_BINARY_. [python3.12]
Warning: CollisionAPI applied to an unknown UsdGeomGPrim type, prim /World/envs/env_0/Robot/left_index_DP/collisions/left_DP/node_STL_BINARY_. [python3.12]
Warning: CollisionAPI applied to an unknown UsdGeomGPrim type, prim /World/envs/env_0/Robot/left_index_DP/collisions/elastomer/node_STL_BINARY_. [python3.12]
Warning: CollisionAPI applied to an unknown UsdGeomGPrim type, prim /World/envs/env_0/Robot/left_middle_MCP_VL/collisions/MCP_VL/node_STL_BINARY_. [python3.12]
Warning: CollisionAPI applied to an unknown UsdGeomGPrim type, prim /World/envs/env_0/Robot/left_middle_PP/collisions/left_PP/node_STL_BINARY_. [python3.12]
Warning: CollisionAPI applied to an unknown UsdGeomGPrim type, prim /World/envs/env_0/Robot/left_middle_MP/collisions/left_MP/node_STL_BINARY_. [python3.12]
Warning: CollisionAPI applied to an unknown UsdGeomGPrim type, prim /World/envs/env_0/Robot/left_middle_DP/collisions/left_DP/node_STL_BINARY_. [python3.12]
Warning: CollisionAPI applied to an unknown UsdGeomGPrim type, prim /World/envs/env_0/Robot/left_middle_DP/collisions/elastomer/node_STL_BINARY_. [python3.12]
Warning: CollisionAPI applied to an unknown UsdGeomGPrim type, prim /World/envs/env_0/Robot/left_ring_MCP_VL/collisions/MCP_VL/node_STL_BINARY_. [python3.12]
Warning: CollisionAPI applied to an unknown UsdGeomGPrim type, prim /World/envs/env_0/Robot/left_ring_PP/collisions/left_PP/node_STL_BINARY_. [python3.12]
Warning: CollisionAPI applied to an unknown UsdGeomGPrim type, prim /World/envs/env_0/Robot/left_ring_MP/collisions/left_MP/node_STL_BINARY_. [python3.12]
Warning: CollisionAPI applied to an unknown UsdGeomGPrim type, prim /World/envs/env_0/Robot/left_ring_DP/collisions/left_DP/node_STL_BINARY_. [python3.12]
Warning: CollisionAPI applied to an unknown UsdGeomGPrim type, prim /World/envs/env_0/Robot/left_ring_DP/collisions/elastomer/node_STL_BINARY_. [python3.12]
Warning: CollisionAPI applied to an unknown UsdGeomGPrim type, prim /World/envs/env_0/Robot/left_pinky_MC/collisions/left_pinky_MC/node_STL_BINARY_. [python3.12]
Warning: CollisionAPI applied to an unknown UsdGeomGPrim type, prim /World/envs/env_0/Robot/left_pinky_MCP_VL/collisions/MCP_VL/node_STL_BINARY_. [python3.12]
Warning: CollisionAPI applied to an unknown UsdGeomGPrim type, prim /World/envs/env_0/Robot/left_pinky_PP/collisions/left_PP/node_STL_BINARY_. [python3.12]
Warning: CollisionAPI applied to an unknown UsdGeomGPrim type, prim /World/envs/env_0/Robot/left_pinky_MP/collisions/left_MP/node_STL_BINARY_. [python3.12]
Warning: CollisionAPI applied to an unknown UsdGeomGPrim type, prim /World/envs/env_0/Robot/left_pinky_DP/collisions/left_DP/node_STL_BINARY_. [python3.12]
Warning: CollisionAPI applied to an unknown UsdGeomGPrim type, prim /World/envs/env_0/Robot/left_pinky_DP/collisions/elastomer/node_STL_BINARY_. [python3.12]
/share/portal/kk837/task_curriculum/third_party/IsaacLab/source/isaaclab_newton/isaaclab_newton/cloner/newton_clone_utils.py:147: FutureWarning: Newton shape color replacement is enabled; this workaround will be deprecated in a future release.
  replace_newton_builder_shape_colors(builder, stage)
[clone_patch] replicated 64 environments from 1 prototype row(s); variant counts [1, 1, 1, 1, 1, 1]
[INFO]: Time taken for scene creation Last: 16.534207 s, Mean: 16.534207 s, Std: 0.000000 s, N: 1
[INFO]: Scene manager:  <class InteractiveScene>
	Number of environments: 64
	Environment spacing   : 1.2
	Source prim name      : /World/envs/env_0
	Global prim paths     : []
	Replicate physics     : False
[INFO]: Starting the simulation. This may take a few seconds. Please wait...
[2026-08-17 01:38:35,203][isaaclab_newton.physics.newton_manager][INFO] - Dispatching MODEL_INIT callbacks
[2026-08-17 01:38:35,249][isaaclab_newton.physics.newton_manager][INFO] - Finalizing model on device: cuda:0
[gravcomp] mujoco:gravcomp=1 on 1920/2880 bodies before finalize
[condim] mujoco:condim=6 on 896 grasping shapes before finalize
[cable_damping] linear_kd=0.0 on 1408 DOFs, angular_kd=20.0 on 1408 DOFs
/share/portal/kk837/task_curriculum/third_party/IsaacLab/source/isaaclab_newton/isaaclab_newton/physics/newton_manager.py:1524: UserWarning: Inertia validation corrected 384 bodies. Set validate_inertia_detailed=True for detailed per-body warnings.
  NewtonManager._model = cls._builder.finalize(device=device)
Finalize builder took: Last: 2.375066 s, Mean: 2.375066 s, Std: 0.000000 s, N: 1
[2026-08-17 01:38:37,630][isaaclab_newton.physics.newton_manager][INFO] - Dispatching PHYSICS_READY callbacks
[2026-08-17 01:38:44,264][isaaclab_newton.assets.articulation.articulation_data][WARNING] - Failed to get root com velocity. If the articulation is fixed, this is expected. Setting root com velocity to zeros.
[2026-08-17 01:39:07,684][isaaclab_newton.assets.articulation.articulation][INFO] - Simulation parameters for joints in /World/envs/env_.*/Robot:
+-------------------------------------------------------------------------------------------------------------------------------------+
|                                  Simulation Joint Information (Prim path: /World/envs/env_.*/Robot)                                 |
+-------+----------------------+-----------+---------+----------+-----------------+-----------------+-----------------+---------------+
| Index | Name                 | Stiffness | Damping | Armature | Static Friction | Position Limits | Velocity Limits | Effort Limits |
+-------+----------------------+-----------+---------+----------+-----------------+-----------------+-----------------+---------------+
|   0   | iiwa14_joint_1       |  600.000  |  27.027 |  0.000   |      0.000      | [-2.967, 2.967] |      10.000     |    300.000    |
|   1   | iiwa14_joint_2       |  600.000  |  27.027 |  0.000   |      0.000      | [-2.094, 2.094] |      10.000     |    300.000    |
|   2   | iiwa14_joint_3       |  500.000  |  24.672 |  0.000   |      0.000      | [-2.967, 2.967] |      10.000     |    300.000    |
|   3   | iiwa14_joint_4       |  400.000  |  22.067 |  0.000   |      0.000      | [-2.094, 2.094] |      10.000     |    300.000    |
|   4   | iiwa14_joint_5       |  200.000  |  9.753  |  0.000   |      0.000      | [-2.967, 2.967] |      10.000     |    300.000    |
|   5   | iiwa14_joint_6       |  200.000  |  9.148  |  0.000   |      0.000      | [-2.094, 2.094] |      10.000     |    300.000    |
|   6   | iiwa14_joint_7       |  200.000  |  9.148  |  0.000   |      0.000      | [-3.054, 3.054] |      10.000     |    300.000    |
|   7   | left_1_thumb_CMC_FE  |   6.950   |  0.287  |  0.003   |      0.000      | [-0.175, 1.920] |      11.841     |     3.300     |
|   8   | left_thumb_CMC_AA    |   13.200  |  0.408  |  0.003   |      0.000      | [-0.349, 0.131] |      11.841     |     3.300     |
|   9   | left_thumb_MCP_FE    |   4.760   |  0.204  |  0.003   |      0.000      | [-0.524, 1.396] |      16.077     |     1.864     |
|   10  | left_thumb_MCP_AA    |   6.620   |  0.240  |  0.003   |      0.000      | [-0.349, 0.349] |      16.077     |     1.864     |
|   11  | left_thumb_IP        |   0.900   |  0.042  |  0.001   |      0.000      |  [0.000, 1.745] |      11.618     |     0.638     |
|   12  | left_2_index_MCP_FE  |   4.760   |  0.209  |  0.003   |      0.000      | [-0.175, 1.571] |      16.077     |     1.864     |
|   13  | left_index_MCP_AA    |   6.620   |  0.246  |  0.003   |      0.000      | [-0.035, 0.035] |      16.077     |     1.864     |
|   14  | left_index_PIP       |   0.900   |  0.042  |  0.001   |      0.000      |  [0.000, 1.745] |      11.618     |     0.638     |
|   15  | left_index_DIP       |   0.900   |  0.035  |  0.000   |      0.000      |  [0.000, 1.396] |      14.666     |     0.189     |
|   16  | left_3_middle_MCP_FE |   4.760   |  0.209  |  0.003   |      0.000      | [-0.175, 1.571] |      16.077     |     1.864     |
|   17  | left_middle_MCP_AA   |   6.620   |  0.246  |  0.003   |      0.000      | [-0.035, 0.035] |      16.077     |     1.864     |
|   18  | left_middle_PIP      |   0.900   |  0.042  |  0.001   |      0.000      |  [0.000, 1.745] |      11.618     |     0.638     |
|   19  | left_middle_DIP      |   0.900   |  0.035  |  0.000   |      0.000      |  [0.000, 1.396] |      14.666     |     0.189     |
|   20  | left_4_ring_MCP_FE   |   4.760   |  0.209  |  0.003   |      0.000      | [-0.175, 1.571] |      16.077     |     1.864     |
|   21  | left_ring_MCP_AA     |   6.620   |  0.246  |  0.003   |      0.000      | [-0.035, 0.035] |      16.077     |     1.864     |
|   22  | left_ring_PIP        |   0.900   |  0.042  |  0.001   |      0.000      |  [0.000, 1.745] |      11.618     |     0.638     |
|   23  | left_ring_DIP        |   0.900   |  0.035  |  0.000   |      0.000      |  [0.000, 1.396] |      14.666     |     0.189     |
|   24  | left_5_pinky_CMC     |   1.380   |  0.028  |  0.000   |      0.000      |  [0.000, 0.262] |      35.074     |     0.529     |
|   25  | left_pinky_MCP_FE    |   4.760   |  0.209  |  0.003   |      0.000      | [-0.175, 1.571] |      16.077     |     1.864     |
|   26  | left_pinky_MCP_AA    |   6.620   |  0.246  |  0.003   |      0.000      | [-0.035, 0.035] |      16.077     |     1.864     |
|   27  | left_pinky_PIP       |   0.900   |  0.042  |  0.001   |      0.000      |  [0.000, 1.745] |      11.618     |     0.638     |
|   28  | left_pinky_DIP       |   0.900   |  0.035  |  0.000   |      0.000      |  [0.000, 1.396] |      14.666     |     0.189     |
+-------+----------------------+-----------+---------+----------+-----------------+-----------------+-----------------+---------------+
Initialize solver took: Last: 67.376857 s, Mean: 67.376857 s, Std: 0.000000 s, N: 1
[INFO]: Time taken for simulation start Last: 121.181809 s, Mean: 121.181809 s, Std: 0.000000 s, N: 1
[INFO]: Completed setting up the environment...
[material_patch] friction set: 3201 shapes at mu=0.5, 640 fingertip shapes at mu=1.5
[fingertip_order] reordered fingertips to canonical order: ['left_thumb_DP', 'left_index_DP', 'left_middle_DP', 'left_ring_DP', 'left_pinky_DP'] -> ['left_index_DP', 'left_middle_DP', 'left_ring_DP', 'left_thumb_DP', 'left_pinky_DP']
Gym has been unmaintained since 2022 and does not support NumPy 2.0 amongst other critical functionality.
Please upgrade to Gymnasium, the maintained drop-in replacement of Gym, or contact the authors of your software and request that they upgrade.
See the migration guide at https://gymnasium.farama.org/introduction/migration_guide/ for additional information.
/share/portal/kk837/task_curriculum/isaacsimenvs/eval/player.py:53: UserWarning: register_new_resolver() is deprecated and will be removed in a future release.
Use register_resolver() instead.
See https://github.com/omry/omegaconf/issues/426 for migration instructions.

  OmegaConf.register_new_resolver(name, fn)
self.seed = 0
[BasePlayer] Creating regular env:  rlgpu
{'observation_space': Box(-inf, inf, (140,), float32), 'action_space': Box(-1.0, 1.0, (29,), float32), 'agents': 1, 'value_size': 1}
build mlp: 1024
RunningMeanStd:  (1,)
RunningMeanStd:  (140,)
=> loading checkpoint '/share/portal/kk837/simtoolreal/pretrained_policy/model.pth'
/share/portal/kk837/task_curriculum/isaacsimenvs/tasks/play/utils/reset_utils.py:218: DeprecationWarning: The function 'write_joint_state_to_sim' will be deprecated in a future release. Please use 'write_joint_state_to_sim_index' instead.
  env.robot.write_joint_state_to_sim(joint_pos, joint_vel, env_ids=env_ids)
/share/portal/kk837/task_curriculum/isaacsimenvs/newton/patches.py:2112: DeprecationWarning: The function 'write_root_pose_to_sim' will be deprecated in a future release. Please use 'write_root_pose_to_sim_index' instead.
  return _orig(value, *args, **kwargs)
/share/portal/kk837/task_curriculum/isaacsimenvs/newton/patches.py:388: DeprecationWarning: The `body_state_w` property will be deprecated in IsaacLab 4.0. Please use `body_link_pose_w` and `body_com_vel_w` instead.
  value = getattr(object.__getattribute__(self, "_wrapped"), name)
