[job] velstats tag=cable_d20i120 task=Isaacsimenvs-Cable-Direct-v0 host=portal-compute-02.cs.cornell.edu
[job] overrides: env.cable.thickness=0.03 env.cable.angular_damping=20.0 env.cable.vbd_iterations=120
[INFO]: Parsing configuration from: isaacsimenvs.tasks.cable.cable_env_cfg:CableEnvCfg
/share/portal/kk837/task_curriculum/isaacsimenvs/utils/hydra_utils.py:91: Hydra15MigrationWarning: The version_base parameter is deprecated and will be removed in Hydra 1.5.
Omit the version_base parameter to use the current Hydra defaults.
  @hydra.main(config_path=None, config_name=short_name, version_base="1.3")
[cable] triangle-pair budget 1,048,576 for num_envs=16
[2026-08-17 01:40:46,202][isaaclab.envs.direct_rl_env][WARNING] - Seed not set for the environment. The environment creation may not be deterministic.
[2026-08-17 01:40:46,202][isaaclab.envs.common][WARNING] - env_cfg.viewer is deprecated. Set env_cfg.sim.default_visualizer_cfg = KitVisualizerCfg(eye=..., lookat=...) instead. The viewer values have been automatically forwarded for this run.
[INFO]: Base environment:
	Environment device    : cuda:0
	Environment seed      : None
	Physics step-size     : 0.00833333333
	Rendering step-size   : 0.01666666666
	Environment step-size : 0.01666666666
[2026-08-17 01:40:47,244][isaaclab.cloner._fabric_notices][INFO] - libcarb.so unavailable — Fabric notice suspension disabled (Linux x86_64 only)
[scene_utils][+0.00s] setup start num_envs=16 num_assets_per_type=1
[scene_utils][+0.01s] generated 12 object URDFs
[INFO]: Time taken for scene creation Last: 0.096375 s, Mean: 0.096375 s, Std: 0.000000 s, N: 1
[2026-08-17 01:40:47,530][isaaclab.sim.simulation_context][INFO] - SimulationContext cleared
Error executing job with overrides: ['env.cable.thickness=0.03', 'env.cable.angular_damping=20.0', 'env.cable.vbd_iterations=120']
Traceback (most recent call last):
  File "<frozen runpy>", line 198, in _run_module_as_main
  File "<frozen runpy>", line 88, in _run_code
  File "/share/portal/kk837/task_curriculum/isaacsimenvs/eval/velocity_stats.py", line 113, in <module>
    main()
  File "/share/portal/kk837/task_curriculum/isaacsimenvs/eval/velocity_stats.py", line 109, in main
    run()
  File "/share/portal/kk837/task_curriculum/isaacsimenvs/utils/hydra_utils.py", line 108, in wrapper
    hydra_main()
  File "/share/portal/kk837/task_curriculum/.venv_isaaclab3/lib/python3.12/site-packages/hydra/main.py", line 73, in decorated_main
    _run_hydra(
  File "/share/portal/kk837/task_curriculum/.venv_isaaclab3/lib/python3.12/site-packages/hydra/_internal/utils.py", line 388, in _run_hydra
    _run_app(
  File "/share/portal/kk837/task_curriculum/.venv_isaaclab3/lib/python3.12/site-packages/hydra/_internal/utils.py", line 451, in _run_app
    run_and_report(
  File "/share/portal/kk837/task_curriculum/.venv_isaaclab3/lib/python3.12/site-packages/hydra/_internal/utils.py", line 222, in run_and_report
    raise ex
  File "/share/portal/kk837/task_curriculum/.venv_isaaclab3/lib/python3.12/site-packages/hydra/_internal/utils.py", line 219, in run_and_report
    return func()
           ^^^^^^
  File "/share/portal/kk837/task_curriculum/.venv_isaaclab3/lib/python3.12/site-packages/hydra/_internal/utils.py", line 452, in <lambda>
    lambda: hydra.run(
            ^^^^^^^^^^
  File "/share/portal/kk837/task_curriculum/.venv_isaaclab3/lib/python3.12/site-packages/hydra/_internal/hydra.py", line 189, in run
    _ = ret.return_value
        ^^^^^^^^^^^^^^^^
  File "/share/portal/kk837/task_curriculum/.venv_isaaclab3/lib/python3.12/site-packages/hydra/core/utils.py", line 413, in return_value
    raise self._return_value
  File "/share/portal/kk837/task_curriculum/.venv_isaaclab3/lib/python3.12/site-packages/hydra/core/utils.py", line 176, in run_job
    ret.return_value = task_function(task_cfg)
                       ^^^^^^^^^^^^^^^^^^^^^^^
  File "/share/portal/kk837/task_curriculum/isaacsimenvs/utils/hydra_utils.py", line 106, in hydra_main
    func(env_cfg_restored, merged_agent, *args, **kwargs)
  File "/share/portal/kk837/task_curriculum/isaacsimenvs/eval/velocity_stats.py", line 59, in run
    env = gym.make(args_cli.task, cfg=env_cfg)
          ^^^^^^^^^^^^^^^^^^^^^^^^^^^^^^^^^^^^
  File "/share/portal/kk837/task_curriculum/.venv_isaaclab3/lib/python3.12/site-packages/gymnasium/envs/registration.py", line 735, in make
    env = env_creator(**env_spec_kwargs)
          ^^^^^^^^^^^^^^^^^^^^^^^^^^^^^^
  File "/share/portal/kk837/task_curriculum/isaacsimenvs/tasks/cable/cable_env.py", line 36, in __init__
    super().__init__(cfg, render_mode, **kwargs)
  File "/share/portal/kk837/task_curriculum/isaacsimenvs/tasks/play_newton/play_newton_env.py", line 40, in __init__
    super().__init__(cfg, render_mode, **kwargs)
  File "/share/portal/kk837/task_curriculum/isaacsimenvs/tasks/play/play_env.py", line 42, in __init__
    super().__init__(cfg, render_mode, **kwargs)  # runs _setup_scene
    ^^^^^^^^^^^^^^^^^^^^^^^^^^^^^^^^^^^^^^^^^^^^
  File "/share/portal/kk837/task_curriculum/third_party/IsaacLab/source/isaaclab/isaaclab/envs/direct_rl_env.py", line 124, in __init__
    self._init_sim(render_mode, **kwargs)
  File "/share/portal/kk837/task_curriculum/third_party/IsaacLab/source/isaaclab/isaaclab/envs/direct_rl_env.py", line 161, in _init_sim
    self._setup_scene()
  File "/share/portal/kk837/task_curriculum/isaacsimenvs/tasks/play_newton/play_newton_env.py", line 65, in _setup_scene
    super()._setup_scene()
  File "/share/portal/kk837/task_curriculum/isaacsimenvs/tasks/play/play_env.py", line 47, in _setup_scene
    setup_scene(self)
  File "/share/portal/kk837/task_curriculum/isaacsimenvs/newton/patches.py", line 891, in setup_scene_with_replication
    original_setup_scene(env)
  File "/share/portal/kk837/task_curriculum/isaacsimenvs/tasks/play_newton/play_newton_env.py", line 172, in setup_scene_then_hook
    _original(env)
  File "/share/portal/kk837/task_curriculum/isaacsimenvs/tasks/play/utils/scene_utils.py", line 1595, in setup_scene
    _convert_urdf_to_usd(
  File "/share/portal/kk837/task_curriculum/isaacsimenvs/newton/usd_cache.py", line 128, in _lookup
    raise RuntimeError(
RuntimeError: USD cache miss for 000_brush_handle_(0-0711386337462144, 0-026043939615080794)_head_(0-05521854505758396, 0-049737738732010345, 0-06861223846483287)_d384-3_462-80882494747453.urdf (key fd8c9f925785a293ef37d5f6f32155c0).
The bake and this run disagree on URDF content or conversion options. Re-populate with the same --num_assets_per_type and --handle_head_types: the object pool is shuffled over its full length, so a different count is a different set of objects, not a subset.
[job] tag=cable_d20i120 exit=1
