[job] velstats tag=tool task=Isaacsimenvs-PlayNewton-Direct-v0 host=portal-compute-02.cs.cornell.edu
[job] overrides: 
[INFO]: Parsing configuration from: isaacsimenvs.tasks.play_newton.play_newton_env_cfg:PlayNewtonEnvCfg
/share/portal/kk837/task_curriculum/isaacsimenvs/utils/hydra_utils.py:91: Hydra15MigrationWarning: The version_base parameter is deprecated and will be removed in Hydra 1.5.
Omit the version_base parameter to use the current Hydra defaults.
  @hydra.main(config_path=None, config_name=short_name, version_base="1.3")
[2026-08-17 01:44:44,964][isaaclab.envs.direct_rl_env][WARNING] - Seed not set for the environment. The environment creation may not be deterministic.
[2026-08-17 01:44:44,965][isaaclab.envs.common][WARNING] - env_cfg.viewer is deprecated. Set env_cfg.sim.default_visualizer_cfg = KitVisualizerCfg(eye=..., lookat=...) instead. The viewer values have been automatically forwarded for this run.
[INFO]: Base environment:
	Environment device    : cuda:0
	Environment seed      : None
	Physics step-size     : 0.00833333333
	Rendering step-size   : 0.01666666666
	Environment step-size : 0.01666666666
[2026-08-17 01:44:45,410][isaaclab.cloner._fabric_notices][INFO] - libcarb.so unavailable — Fabric notice suspension disabled (Linux x86_64 only)
[scene_utils][+0.00s] setup start num_envs=16 num_assets_per_type=1
[scene_utils][+0.00s] generated 2 object URDFs
[scene_utils][+0.44s] resolved baked USDs
[quat_convention] robot init rot (1.0, 0.0, 0.0, 0.0) (wxyz) -> (0.0, 0.0, 0.0, 1.0) (xyzw)
[2026-08-17 01:44:45,857][isaaclab.utils.backend_utils][INFO] - Registered backend 'newton' for factory Articulation.
[2026-08-17 01:44:45,876][isaaclab.utils.backend_utils][INFO] - Registered backend 'newton' for factory RigidObject.
[2026-08-17 01:44:45,878][isaaclab.sim.spawners.wrappers.wrappers][WARNING] - `random_choice` parameter in `spawn_multi_asset` is deprecated, and nothing will happen. Use `isaaclab.scene.interactive_scene_cfg.InteractiveSceneCfg.random_heterogeneous_cloning` instead.
[2026-08-17 01:44:45,886][isaaclab.sim.spawners.wrappers.wrappers][WARNING] - `random_choice` parameter in `spawn_multi_asset` is deprecated, and nothing will happen. Use `isaaclab.scene.interactive_scene_cfg.InteractiveSceneCfg.random_heterogeneous_cloning` instead.
[2026-08-17 01:44:45,894][isaaclab.sim.spawners.wrappers.wrappers][WARNING] - `random_choice` parameter in `spawn_multi_asset` is deprecated, and nothing will happen. Use `isaaclab.scene.interactive_scene_cfg.InteractiveSceneCfg.random_heterogeneous_cloning` instead.
[scene_utils][+0.48s] spawned robot/table/object/goalviz
I: Initializing Version 2.72.3-release.7151+gl.5390bed9
I: Client ID: 5CO0RSBM
I: Not using Hub: Hub not found
I: Successfully created S3 provider for https://omniverse-content-staging.s3-us-west-2.amazonaws.com
[2026-08-17 01:44:46,316][isaaclab.utils.assets][WARNING] - Serving remote assets from the local cache under '/share/portal/kk837/tmp'. Each copy is checked against the server before use; delete the directory to force a full re-download.
[2026-08-17 01:44:46,316][isaaclab.utils.assets][INFO] - Loading local copy of remote asset 'https://omniverse-content-staging.s3-us-west-2.amazonaws.com/Assets/Isaac/6.1/Isaac/Environments/Grid/default_environment.usd' from '/share/portal/kk837/tmp/https/omniverse-content-staging.s3-us-west-2.amazonaws.com/Assets/Isaac/6.1/Isaac/Environments/Grid/default_environment.usd'.
[2026-08-17 01:44:46,415][isaaclab.utils.assets][INFO] - Loading local copy of remote asset 'https://omniverse-content-staging.s3-us-west-2.amazonaws.com/Assets/Isaac/6.1/Isaac/Environments/Grid/Materials/Textures/Wireframe_blue.png' from '/share/portal/kk837/tmp/https/omniverse-content-staging.s3-us-west-2.amazonaws.com/Assets/Isaac/6.1/Isaac/Environments/Grid/Materials/Textures/Wireframe_blue.png'.
[2026-08-17 01:44:46,416][isaaclab.utils.assets][INFO] - Loading local copy of remote asset 'https://omniverse-content-staging.s3-us-west-2.amazonaws.com/Assets/Isaac/6.1/Isaac/Environments/Grid/Materials/Textures/WireframeBlur_blue.png' from '/share/portal/kk837/tmp/https/omniverse-content-staging.s3-us-west-2.amazonaws.com/Assets/Isaac/6.1/Isaac/Environments/Grid/Materials/Textures/WireframeBlur_blue.png'.
[2026-08-17 01:44:46,418][isaaclab.utils.assets][INFO] - Loading local copy of remote asset 'https://omniverse-content-staging.s3-us-west-2.amazonaws.com/Assets/Isaac/6.1/Isaac/Environments/Grid/Materials/Textures/WireframeBlur_basecolor.png' from '/share/portal/kk837/tmp/https/omniverse-content-staging.s3-us-west-2.amazonaws.com/Assets/Isaac/6.1/Isaac/Environments/Grid/Materials/Textures/WireframeBlur_basecolor.png'.
[scene_utils][+1.02s] registered assets with scene
[cloning] pushed CollisionAPI onto 34 mesh prims under 34 collision Xforms
[cloning] marked 4 object colliders convexHull
[cloning] authored PD gains on 29 joint drives
/share/portal/kk837/task_curriculum/third_party/IsaacLab/source/isaaclab_newton/isaaclab_newton/cloner/replicate.py:105: FutureWarning: Newton shape color replacement is enabled; this workaround will be deprecated in a future release.
  replace_newton_builder_shape_colors(builder, stage)
Warning: CollisionAPI applied to an unknown UsdGeomGPrim type, prim /World/envs/env_0/Robot/iiwa14_link_0/collisions/link_0/node_STL_BINARY_. [python3.12]
Warning: CollisionAPI applied to an unknown UsdGeomGPrim type, prim /World/envs/env_0/Robot/iiwa14_link_1/collisions/link_1/node_STL_BINARY_. [python3.12]
Warning: CollisionAPI applied to an unknown UsdGeomGPrim type, prim /World/envs/env_0/Robot/iiwa14_link_2/collisions/link_2/node_STL_BINARY_. [python3.12]
Warning: CollisionAPI applied to an unknown UsdGeomGPrim type, prim /World/envs/env_0/Robot/iiwa14_link_3/collisions/link_3/node_STL_BINARY_. [python3.12]
Warning: CollisionAPI applied to an unknown UsdGeomGPrim type, prim /World/envs/env_0/Robot/iiwa14_link_4/collisions/link_4/node_STL_BINARY_. [python3.12]
Warning: CollisionAPI applied to an unknown UsdGeomGPrim type, prim /World/envs/env_0/Robot/iiwa14_link_5/collisions/link_5/node_STL_BINARY_. [python3.12]
Warning: CollisionAPI applied to an unknown UsdGeomGPrim type, prim /World/envs/env_0/Robot/iiwa14_link_6/collisions/link_6/node_STL_BINARY_. [python3.12]
Warning: CollisionAPI applied to an unknown UsdGeomGPrim type, prim /World/envs/env_0/Robot/iiwa14_link_7/collisions/link_7/node_STL_BINARY_. [python3.12]
Warning: CollisionAPI applied to an unknown UsdGeomGPrim type, prim /World/envs/env_0/Robot/iiwa14_link_7/collisions/left_hand_C_MC/node_STL_BINARY_. [python3.12]
Warning: CollisionAPI applied to an unknown UsdGeomGPrim type, prim /World/envs/env_0/Robot/left_thumb_MC/collisions/left_thumb_MC/node_STL_BINARY_. [python3.12]
Warning: CollisionAPI applied to an unknown UsdGeomGPrim type, prim /World/envs/env_0/Robot/left_thumb_PP/collisions/left_thumb_PP/node_STL_BINARY_. [python3.12]
Warning: CollisionAPI applied to an unknown UsdGeomGPrim type, prim /World/envs/env_0/Robot/left_thumb_DP/collisions/left_thumb_DP/node_STL_BINARY_. [python3.12]
Warning: CollisionAPI applied to an unknown UsdGeomGPrim type, prim /World/envs/env_0/Robot/left_thumb_DP/collisions/thumb_elastomer/node_STL_BINARY_. [python3.12]
Warning: CollisionAPI applied to an unknown UsdGeomGPrim type, prim /World/envs/env_0/Robot/left_index_MCP_VL/collisions/MCP_VL/node_STL_BINARY_. [python3.12]
Warning: CollisionAPI applied to an unknown UsdGeomGPrim type, prim /World/envs/env_0/Robot/left_index_PP/collisions/left_PP/node_STL_BINARY_. [python3.12]
Warning: CollisionAPI applied to an unknown UsdGeomGPrim type, prim /World/envs/env_0/Robot/left_index_MP/collisions/left_MP/node_STL_BINARY_. [python3.12]
Warning: CollisionAPI applied to an unknown UsdGeomGPrim type, prim /World/envs/env_0/Robot/left_index_DP/collisions/left_DP/node_STL_BINARY_. [python3.12]
Warning: CollisionAPI applied to an unknown UsdGeomGPrim type, prim /World/envs/env_0/Robot/left_index_DP/collisions/elastomer/node_STL_BINARY_. [python3.12]
Warning: CollisionAPI applied to an unknown UsdGeomGPrim type, prim /World/envs/env_0/Robot/left_middle_MCP_VL/collisions/MCP_VL/node_STL_BINARY_. [python3.12]
Warning: CollisionAPI applied to an unknown UsdGeomGPrim type, prim /World/envs/env_0/Robot/left_middle_PP/collisions/left_PP/node_STL_BINARY_. [python3.12]
Warning: CollisionAPI applied to an unknown UsdGeomGPrim type, prim /World/envs/env_0/Robot/left_middle_MP/collisions/left_MP/node_STL_BINARY_. [python3.12]
Warning: CollisionAPI applied to an unknown UsdGeomGPrim type, prim /World/envs/env_0/Robot/left_middle_DP/collisions/left_DP/node_STL_BINARY_. [python3.12]
Warning: CollisionAPI applied to an unknown UsdGeomGPrim type, prim /World/envs/env_0/Robot/left_middle_DP/collisions/elastomer/node_STL_BINARY_. [python3.12]
Warning: CollisionAPI applied to an unknown UsdGeomGPrim type, prim /World/envs/env_0/Robot/left_ring_MCP_VL/collisions/MCP_VL/node_STL_BINARY_. [python3.12]
Warning: CollisionAPI applied to an unknown UsdGeomGPrim type, prim /World/envs/env_0/Robot/left_ring_PP/collisions/left_PP/node_STL_BINARY_. [python3.12]
Warning: CollisionAPI applied to an unknown UsdGeomGPrim type, prim /World/envs/env_0/Robot/left_ring_MP/collisions/left_MP/node_STL_BINARY_. [python3.12]
Warning: CollisionAPI applied to an unknown UsdGeomGPrim type, prim /World/envs/env_0/Robot/left_ring_DP/collisions/left_DP/node_STL_BINARY_. [python3.12]
Warning: CollisionAPI applied to an unknown UsdGeomGPrim type, prim /World/envs/env_0/Robot/left_ring_DP/collisions/elastomer/node_STL_BINARY_. [python3.12]
Warning: CollisionAPI applied to an unknown UsdGeomGPrim type, prim /World/envs/env_0/Robot/left_pinky_MC/collisions/left_pinky_MC/node_STL_BINARY_. [python3.12]
Warning: CollisionAPI applied to an unknown UsdGeomGPrim type, prim /World/envs/env_0/Robot/left_pinky_MCP_VL/collisions/MCP_VL/node_STL_BINARY_. [python3.12]
Warning: CollisionAPI applied to an unknown UsdGeomGPrim type, prim /World/envs/env_0/Robot/left_pinky_PP/collisions/left_PP/node_STL_BINARY_. [python3.12]
Warning: CollisionAPI applied to an unknown UsdGeomGPrim type, prim /World/envs/env_0/Robot/left_pinky_MP/collisions/left_MP/node_STL_BINARY_. [python3.12]
Warning: CollisionAPI applied to an unknown UsdGeomGPrim type, prim /World/envs/env_0/Robot/left_pinky_DP/collisions/left_DP/node_STL_BINARY_. [python3.12]
Warning: CollisionAPI applied to an unknown UsdGeomGPrim type, prim /World/envs/env_0/Robot/left_pinky_DP/collisions/elastomer/node_STL_BINARY_. [python3.12]
/share/portal/kk837/task_curriculum/third_party/IsaacLab/source/isaaclab_newton/isaaclab_newton/cloner/newton_clone_utils.py:147: FutureWarning: Newton shape color replacement is enabled; this workaround will be deprecated in a future release.
  replace_newton_builder_shape_colors(builder, stage)
[clone_patch] replicated 16 environments from 1 prototype row(s); variant counts [1, 1, 1, 1]
[INFO]: Time taken for scene creation Last: 2.565076 s, Mean: 2.565076 s, Std: 0.000000 s, N: 1
[INFO]: Scene manager:  <class InteractiveScene>
	Number of environments: 16
	Environment spacing   : 1.2
	Source prim name      : /World/envs/env_0
	Global prim paths     : []
	Replicate physics     : False
[INFO]: Starting the simulation. This may take a few seconds. Please wait...
[2026-08-17 01:44:47,903][isaaclab_newton.physics.newton_manager][INFO] - Dispatching MODEL_INIT callbacks
[2026-08-17 01:44:47,918][isaaclab_newton.physics.newton_manager][INFO] - Finalizing model on device: cuda:0
[gravcomp] mujoco:gravcomp=1 on 480/528 bodies before finalize
[condim] mujoco:condim=6 on 240 grasping shapes before finalize
/share/portal/kk837/task_curriculum/third_party/IsaacLab/source/isaaclab_newton/isaaclab_newton/physics/newton_manager.py:1524: UserWarning: Inertia validation corrected 96 bodies. Set validate_inertia_detailed=True for detailed per-body warnings.
  NewtonManager._model = cls._builder.finalize(device=device)
Finalize builder took: Last: 0.439012 s, Mean: 0.439012 s, Std: 0.000000 s, N: 1
[2026-08-17 01:44:48,359][isaaclab_newton.physics.newton_manager][INFO] - Dispatching PHYSICS_READY callbacks
[2026-08-17 01:44:48,376][isaaclab_newton.assets.articulation.articulation_data][WARNING] - Failed to get root com velocity. If the articulation is fixed, this is expected. Setting root com velocity to zeros.
[2026-08-17 01:44:48,517][isaaclab_newton.assets.articulation.articulation][INFO] - Simulation parameters for joints in /World/envs/env_.*/Robot:
+-------------------------------------------------------------------------------------------------------------------------------------+
|                                  Simulation Joint Information (Prim path: /World/envs/env_.*/Robot)                                 |
+-------+----------------------+-----------+---------+----------+-----------------+-----------------+-----------------+---------------+
| Index | Name                 | Stiffness | Damping | Armature | Static Friction | Position Limits | Velocity Limits | Effort Limits |
+-------+----------------------+-----------+---------+----------+-----------------+-----------------+-----------------+---------------+
|   0   | iiwa14_joint_1       |  600.000  |  27.027 |  0.000   |      0.000      | [-2.967, 2.967] |      10.000     |    300.000    |
|   1   | iiwa14_joint_2       |  600.000  |  27.027 |  0.000   |      0.000      | [-2.094, 2.094] |      10.000     |    300.000    |
|   2   | iiwa14_joint_3       |  500.000  |  24.672 |  0.000   |      0.000      | [-2.967, 2.967] |      10.000     |    300.000    |
|   3   | iiwa14_joint_4       |  400.000  |  22.067 |  0.000   |      0.000      | [-2.094, 2.094] |      10.000     |    300.000    |
|   4   | iiwa14_joint_5       |  200.000  |  9.753  |  0.000   |      0.000      | [-2.967, 2.967] |      10.000     |    300.000    |
|   5   | iiwa14_joint_6       |  200.000  |  9.148  |  0.000   |      0.000      | [-2.094, 2.094] |      10.000     |    300.000    |
|   6   | iiwa14_joint_7       |  200.000  |  9.148  |  0.000   |      0.000      | [-3.054, 3.054] |      10.000     |    300.000    |
|   7   | left_1_thumb_CMC_FE  |   6.950   |  0.287  |  0.003   |      0.000      | [-0.175, 1.920] |      11.841     |     3.300     |
|   8   | left_thumb_CMC_AA    |   13.200  |  0.408  |  0.003   |      0.000      | [-0.349, 0.131] |      11.841     |     3.300     |
|   9   | left_thumb_MCP_FE    |   4.760   |  0.204  |  0.003   |      0.000      | [-0.524, 1.396] |      16.077     |     1.864     |
|   10  | left_thumb_MCP_AA    |   6.620   |  0.240  |  0.003   |      0.000      | [-0.349, 0.349] |      16.077     |     1.864     |
|   11  | left_thumb_IP        |   0.900   |  0.042  |  0.001   |      0.000      |  [0.000, 1.745] |      11.618     |     0.638     |
|   12  | left_2_index_MCP_FE  |   4.760   |  0.209  |  0.003   |      0.000      | [-0.175, 1.571] |      16.077     |     1.864     |
|   13  | left_index_MCP_AA    |   6.620   |  0.246  |  0.003   |      0.000      | [-0.035, 0.035] |      16.077     |     1.864     |
|   14  | left_index_PIP       |   0.900   |  0.042  |  0.001   |      0.000      |  [0.000, 1.745] |      11.618     |     0.638     |
|   15  | left_index_DIP       |   0.900   |  0.035  |  0.000   |      0.000      |  [0.000, 1.396] |      14.666     |     0.189     |
|   16  | left_3_middle_MCP_FE |   4.760   |  0.209  |  0.003   |      0.000      | [-0.175, 1.571] |      16.077     |     1.864     |
|   17  | left_middle_MCP_AA   |   6.620   |  0.246  |  0.003   |      0.000      | [-0.035, 0.035] |      16.077     |     1.864     |
|   18  | left_middle_PIP      |   0.900   |  0.042  |  0.001   |      0.000      |  [0.000, 1.745] |      11.618     |     0.638     |
|   19  | left_middle_DIP      |   0.900   |  0.035  |  0.000   |      0.000      |  [0.000, 1.396] |      14.666     |     0.189     |
|   20  | left_4_ring_MCP_FE   |   4.760   |  0.209  |  0.003   |      0.000      | [-0.175, 1.571] |      16.077     |     1.864     |
|   21  | left_ring_MCP_AA     |   6.620   |  0.246  |  0.003   |      0.000      | [-0.035, 0.035] |      16.077     |     1.864     |
|   22  | left_ring_PIP        |   0.900   |  0.042  |  0.001   |      0.000      |  [0.000, 1.745] |      11.618     |     0.638     |
|   23  | left_ring_DIP        |   0.900   |  0.035  |  0.000   |      0.000      |  [0.000, 1.396] |      14.666     |     0.189     |
|   24  | left_5_pinky_CMC     |   1.380   |  0.028  |  0.000   |      0.000      |  [0.000, 0.262] |      35.074     |     0.529     |
|   25  | left_pinky_MCP_FE    |   4.760   |  0.209  |  0.003   |      0.000      | [-0.175, 1.571] |      16.077     |     1.864     |
|   26  | left_pinky_MCP_AA    |   6.620   |  0.246  |  0.003   |      0.000      | [-0.035, 0.035] |      16.077     |     1.864     |
|   27  | left_pinky_PIP       |   0.900   |  0.042  |  0.001   |      0.000      |  [0.000, 1.745] |      11.618     |     0.638     |
|   28  | left_pinky_DIP       |   0.900   |  0.035  |  0.000   |      0.000      |  [0.000, 1.396] |      14.666     |     0.189     |
+-------+----------------------+-----------+---------+----------+-----------------+-----------------+-----------------+---------------+
Initialize solver took: Last: 2.059018 s, Mean: 2.059018 s, Std: 0.000000 s, N: 1
[INFO]: Time taken for simulation start Last: 2.696308 s, Mean: 2.696308 s, Std: 0.000000 s, N: 1
[2026-08-17 01:44:51,391][isaaclab_newton.physics.newton_manager][INFO] - Newton CUDA graph captured (standard Warp mode)
CUDA graph took: Last: 0.792177 s, Mean: 0.792177 s, Std: 0.000000 s, N: 1
[INFO]: Completed setting up the environment...
[material_patch] friction set: 625 shapes at mu=0.5, 160 fingertip shapes at mu=1.5
[fingertip_order] reordered fingertips to canonical order: ['left_thumb_DP', 'left_index_DP', 'left_middle_DP', 'left_ring_DP', 'left_pinky_DP'] -> ['left_index_DP', 'left_middle_DP', 'left_ring_DP', 'left_thumb_DP', 'left_pinky_DP']
Gym has been unmaintained since 2022 and does not support NumPy 2.0 amongst other critical functionality.
Please upgrade to Gymnasium, the maintained drop-in replacement of Gym, or contact the authors of your software and request that they upgrade.
See the migration guide at https://gymnasium.farama.org/introduction/migration_guide/ for additional information.
/share/portal/kk837/task_curriculum/isaacsimenvs/eval/player.py:53: UserWarning: register_new_resolver() is deprecated and will be removed in a future release.
Use register_resolver() instead.
See https://github.com/omry/omegaconf/issues/426 for migration instructions.

  OmegaConf.register_new_resolver(name, fn)
self.seed = 0
[BasePlayer] Creating regular env:  rlgpu
{'observation_space': Box(-inf, inf, (140,), float32), 'action_space': Box(-1.0, 1.0, (29,), float32), 'agents': 1, 'value_size': 1}
build mlp: 1024
RunningMeanStd:  (1,)
RunningMeanStd:  (140,)
=> loading checkpoint '/share/portal/kk837/simtoolreal/pretrained_policy/model.pth'
/share/portal/kk837/task_curriculum/isaacsimenvs/tasks/play/utils/reset_utils.py:218: DeprecationWarning: The function 'write_joint_state_to_sim' will be deprecated in a future release. Please use 'write_joint_state_to_sim_index' instead.
  env.robot.write_joint_state_to_sim(joint_pos, joint_vel, env_ids=env_ids)
/share/portal/kk837/task_curriculum/isaacsimenvs/newton/patches.py:2112: DeprecationWarning: The function 'write_root_pose_to_sim' will be deprecated in a future release. Please use 'write_root_pose_to_sim_index' instead.
  return _orig(value, *args, **kwargs)
/share/portal/kk837/task_curriculum/isaacsimenvs/tasks/play/utils/reset_utils.py:297: DeprecationWarning: The function 'write_root_velocity_to_sim' will be deprecated in a future release. Please use 'write_root_velocity_to_sim_index' instead.
  env.object.write_root_velocity_to_sim(
/share/portal/kk837/task_curriculum/isaacsimenvs/newton/patches.py:388: DeprecationWarning: The `body_state_w` property will be deprecated in IsaacLab 4.0. Please use `body_link_pose_w` and `body_com_vel_w` instead.
  value = getattr(object.__getattribute__(self, "_wrapped"), name)
/share/portal/kk837/task_curriculum/isaacsimenvs/tasks/play/utils/action_utils.py:126: DeprecationWarning: The function 'set_external_force_and_torque' is deprecated. Please use 'permanent_wrench_composer.reset' followed by 'permanent_wrench_composer.add_forces_and_torques' instead.
  env.object.set_external_force_and_torque(
/share/portal/kk837/task_curriculum/third_party/IsaacLab/source/isaaclab/isaaclab/assets/rigid_object/base_rigid_object.py:903: DeprecationWarning: The function 'add_forces_and_torques' is deprecated. Please use 'add_forces_and_torques_index' instead.
  self.permanent_wrench_composer.add_forces_and_torques(
/share/portal/kk837/task_curriculum/isaacsimenvs/tasks/play/play_env.py:64: DeprecationWarning: The function 'set_joint_position_target' will be deprecated in a future release. Please use 'set_joint_position_target_index' instead.
  self.robot.set_joint_position_target(self._cur_targets)
VELSTATS {"task": "Isaacsimenvs-PlayNewton-Direct-v0", "num_envs": 16, "steps": 600, "mean": 0.126, "p50": 0.08, "p90": 0.289, "p99": 0.654, "max": 1.308, "non_finite": 0, "goals_scored": 65, "lifted": 12}
[2026-08-17 01:45:01,237][isaaclab.sim.simulation_context][INFO] - SimulationContext cleared
[job] tag=tool exit=0
